Archive member included because of file (symbol)

.\CortexM0\ARM_GCC_493\Debug\STONE_TOUCH.a(cyfitter_cfg.o)
                              .\CortexM0\ARM_GCC_493\Debug\Cm0Start.o (cyfitter_cfg)
.\CortexM0\ARM_GCC_493\Debug\STONE_TOUCH.a(SW_Tx_UART_1_AsmGnu.o)
                              .\CortexM0\ARM_GCC_493\Debug\main.o (SW_Tx_UART_1_PutChar)
.\CortexM0\ARM_GCC_493\Debug\STONE_TOUCH.a(SW_Tx_UART_1.o)
                              .\CortexM0\ARM_GCC_493\Debug\main.o (SW_Tx_UART_1_Start)
.\CortexM0\ARM_GCC_493\Debug\STONE_TOUCH.a(CapSense.o)
                              .\CortexM0\ARM_GCC_493\Debug\main.o (CapSense_IsBusy)
.\CortexM0\ARM_GCC_493\Debug\STONE_TOUCH.a(CapSense_CSHL.o)
                              .\CortexM0\ARM_GCC_493\Debug\main.o (CapSense_InitializeAllBaselines)
.\CortexM0\ARM_GCC_493\Debug\STONE_TOUCH.a(CapSense_INT.o)
                              .\CortexM0\ARM_GCC_493\Debug\STONE_TOUCH.a(CapSense.o) (CapSense_ISR)
.\CortexM0\ARM_GCC_493\Debug\STONE_TOUCH.a(CapSense_SMS.o)
                              .\CortexM0\ARM_GCC_493\Debug\STONE_TOUCH.a(CapSense_CSHL.o) (CapSense_UpdateThresholds)
.\CortexM0\ARM_GCC_493\Debug\STONE_TOUCH.a(CapSense_SampleClk.o)
                              .\CortexM0\ARM_GCC_493\Debug\STONE_TOUCH.a(CapSense.o) (CapSense_SampleClk_Start)
.\CortexM0\ARM_GCC_493\Debug\STONE_TOUCH.a(CapSense_SenseClk.o)
                              .\CortexM0\ARM_GCC_493\Debug\STONE_TOUCH.a(CapSense.o) (CapSense_SenseClk_Start)
.\CortexM0\ARM_GCC_493\Debug\STONE_TOUCH.a(CyBootAsmGnu.o)
                              .\CortexM0\ARM_GCC_493\Debug\STONE_TOUCH.a(SW_Tx_UART_1_AsmGnu.o) (CyDelayCycles)
.\CortexM0\ARM_GCC_493\Debug\STONE_TOUCH.a(CyLib.o)
                              .\CortexM0\ARM_GCC_493\Debug\STONE_TOUCH.a(cyfitter_cfg.o) (CyIntEnable)
.\CortexM0\ARM_GCC_493\Debug\STONE_TOUCH.a(CyLFClk.o)
                              .\CortexM0\ARM_GCC_493\Debug\STONE_TOUCH.a(cyfitter_cfg.o) (CySysWdtIsr)
.\CortexM0\ARM_GCC_493\Debug\STONE_TOUCH.a(LED_CONTROL.o)
                              .\CortexM0\ARM_GCC_493\Debug\main.o (LED_CONTROL_WriteCompare)
C:\Program Files (x86)\Cypress\PSoC Creator\3.3\PSoC Creator\psoc\content\cycomponentlibrary\CyComponentLibrary.cylib\CapSense_CSD_P4_v2_30\PSoC4\Library\CapsenseP4Library_GCC.a(CSD_P4_SmartSense_v2_30.o)
                              .\CortexM0\ARM_GCC_493\Debug\STONE_TOUCH.a(CapSense_SMS.o) (CalibrateSensors_P4_v2_30)
c:/program files (x86)/cypress/psoc creator/3.3/psoc creator/import/gnu/arm/4.9.3/bin/../lib/gcc/arm-none-eabi/4.9.3/armv6-m\libgcc.a(_udivsi3.o)
                              .\CortexM0\ARM_GCC_493\Debug\STONE_TOUCH.a(SW_Tx_UART_1_AsmGnu.o) (__aeabi_uidiv)
c:/program files (x86)/cypress/psoc creator/3.3/psoc creator/import/gnu/arm/4.9.3/bin/../lib/gcc/arm-none-eabi/4.9.3/armv6-m\libgcc.a(_divsi3.o)
                              C:\Program Files (x86)\Cypress\PSoC Creator\3.3\PSoC Creator\psoc\content\cycomponentlibrary\CyComponentLibrary.cylib\CapSense_CSD_P4_v2_30\PSoC4\Library\CapsenseP4Library_GCC.a(CSD_P4_SmartSense_v2_30.o) (__aeabi_idiv)
c:/program files (x86)/cypress/psoc creator/3.3/psoc creator/import/gnu/arm/4.9.3/bin/../lib/gcc/arm-none-eabi/4.9.3/armv6-m\libgcc.a(_dvmd_tls.o)
                              c:/program files (x86)/cypress/psoc creator/3.3/psoc creator/import/gnu/arm/4.9.3/bin/../lib/gcc/arm-none-eabi/4.9.3/armv6-m\libgcc.a(_udivsi3.o) (__aeabi_idiv0)
c:/program files (x86)/cypress/psoc creator/3.3/psoc creator/import/gnu/arm/4.9.3/bin/../lib/gcc/arm-none-eabi/4.9.3/armv6-m\libgcc.a(muldf3.o)
                              .\CortexM0\ARM_GCC_493\Debug\main.o (__aeabi_dmul)
c:/program files (x86)/cypress/psoc creator/3.3/psoc creator/import/gnu/arm/4.9.3/bin/../lib/gcc/arm-none-eabi/4.9.3/armv6-m\libgcc.a(fixdfsi.o)
                              .\CortexM0\ARM_GCC_493\Debug\main.o (__aeabi_d2iz)
c:/program files (x86)/cypress/psoc creator/3.3/psoc creator/import/gnu/arm/4.9.3/bin/../lib/gcc/arm-none-eabi/4.9.3/armv6-m\libgcc.a(floatsidf.o)
                              .\CortexM0\ARM_GCC_493\Debug\main.o (__aeabi_i2d)
c:/program files (x86)/cypress/psoc creator/3.3/psoc creator/import/gnu/arm/4.9.3/bin/../lib/gcc/arm-none-eabi/4.9.3/armv6-m\libgcc.a(_clzsi2.o)
                              c:/program files (x86)/cypress/psoc creator/3.3/psoc creator/import/gnu/arm/4.9.3/bin/../lib/gcc/arm-none-eabi/4.9.3/armv6-m\libgcc.a(muldf3.o) (__clzsi2)
c:/program files (x86)/cypress/psoc creator/3.3/psoc creator/import/gnu/arm/4.9.3/bin/../lib/gcc/arm-none-eabi/4.9.3/../../../../arm-none-eabi/lib/armv6-m\libg_nano.a(lib_a-errno.o)
                              .\CortexM0\ARM_GCC_493\Debug\Cm0Start.o (__errno)
c:/program files (x86)/cypress/psoc creator/3.3/psoc creator/import/gnu/arm/4.9.3/bin/../lib/gcc/arm-none-eabi/4.9.3/../../../../arm-none-eabi/lib/armv6-m\libg_nano.a(lib_a-exit.o)
[...]
Memory Configuration

Name             Origin             Length             Attributes
rom              0x00000000         0x00008000         xr
ram              0x20000000         0x00001000         xrw
*default*        0x00000000         0xffffffff

Linker script and memory map

LOAD c:/program files (x86)/cypress/psoc creator/3.3/psoc creator/import/gnu/arm/4.9.3/bin/../lib/gcc/arm-none-eabi/4.9.3/armv6-m/crti.o
LOAD c:/program files (x86)/cypress/psoc creator/3.3/psoc creator/import/gnu/arm/4.9.3/bin/../lib/gcc/arm-none-eabi/4.9.3/armv6-m/crtbegin.o
LOAD c:/program files (x86)/cypress/psoc creator/3.3/psoc creator/import/gnu/arm/4.9.3/bin/../lib/gcc/arm-none-eabi/4.9.3/../../../../arm-none-eabi/lib/armv6-m/crt0.o
START GROUP
LOAD .\CortexM0\ARM_GCC_493\Debug\main.o
LOAD .\CortexM0\ARM_GCC_493\Debug\cymetadata.o
LOAD .\CortexM0\ARM_GCC_493\Debug\Cm0Start.o
LOAD .\CortexM0\ARM_GCC_493\Debug\STONE_TOUCH.a
LOAD C:\Program Files (x86)\Cypress\PSoC Creator\3.3\PSoC Creator\psoc\content\cycomponentlibrary\CyComponentLibrary.cylib\CapSense_CSD_P4_v2_30\PSoC4\Library\CapsenseP4Library_GCC.a
LOAD C:\Program Files (x86)\Cypress\PSoC Creator\3.3\PSoC Creator\psoc\content\cycomponentlibrary\CyComponentLibrary.cylib\CortexM0\ARM_GCC_493\Debug\CyComponentLibrary.a
END GROUP
START GROUP
LOAD c:/program files (x86)/cypress/psoc creator/3.3/psoc creator/import/gnu/arm/4.9.3/bin/../lib/gcc/arm-none-eabi/4.9.3/armv6-m\libgcc.a
LOAD c:/program files (x86)/cypress/psoc creator/3.3/psoc creator/import/gnu/arm/4.9.3/bin/../lib/gcc/arm-none-eabi/4.9.3/../../../../arm-none-eabi/lib/armv6-m\libg_nano.a
LOAD c:/program files (x86)/cypress/psoc creator/3.3/psoc creator/import/gnu/arm/4.9.3/bin/../lib/gcc/arm-none-eabi/4.9.3/../../../../arm-none-eabi/lib/armv6-m\libc_nano.a
END GROUP
START GROUP
LOAD c:/program files (x86)/cypress/psoc creator/3.3/psoc creator/import/gnu/arm/4.9.3/bin/../lib/gcc/arm-none-eabi/4.9.3/armv6-m\libgcc.a
LOAD c:/program files (x86)/cypress/psoc creator/3.3/psoc creator/import/gnu/arm/4.9.3/bin/../lib/gcc/arm-none-eabi/4.9.3/../../../../arm-none-eabi/lib/armv6-m\libc_nano.a
END GROUP
LOAD c:/program files (x86)/cypress/psoc creator/3.3/psoc creator/import/gnu/arm/4.9.3/bin/../lib/gcc/arm-none-eabi/4.9.3/armv6-m/crtend.o
LOAD c:/program files (x86)/cypress/psoc creator/3.3/psoc creator/import/gnu/arm/4.9.3/bin/../lib/gcc/arm-none-eabi/4.9.3/armv6-m/crtn.o
START GROUP
LOAD c:/program files (x86)/cypress/psoc creator/3.3/psoc creator/import/gnu/arm/4.9.3/bin/../lib/gcc/arm-none-eabi/4.9.3/armv6-m\libgcc.a
LOAD c:/program files (x86)/cypress/psoc creator/3.3/psoc creator/import/gnu/arm/4.9.3/bin/../lib/gcc/arm-none-eabi/4.9.3/../../../../arm-none-eabi/lib/armv6-m\libc.a
LOAD c:/program files (x86)/cypress/psoc creator/3.3/psoc creator/import/gnu/arm/4.9.3/bin/../lib/gcc/arm-none-eabi/4.9.3/../../../../arm-none-eabi/lib/armv6-m\libnosys.a
END GROUP
                0x00000000                CY_APPL_ORIGIN = 0x0
                0x00000080                CY_FLASH_ROW_SIZE = 0x80
                0x00000001                CY_APPL_NUM = 0x1
                0x00000001                CY_APPL_MAX = 0x1
                0x00000040                CY_METADATA_SIZE = 0x40
                0x00000000                CY_APPL_LOADABLE = 0x0
                0x00000000                CY_CHECKSUM_EXCLUDE_SIZE = ALIGN (0x0, CY_FLASH_ROW_SIZE)
                0x00000000                CY_APP_FOR_STACK_AND_COPIER = 0x0
                0x20000418                PROVIDE (__cy_heap_start, _end)
                0x00000001                PROVIDE (__cy_region_num, ((__cy_regions_end - __cy_regions) / 0x10))
                0x20001000                PROVIDE (__cy_stack, (ORIGIN (ram) + 0x1000))
                0x20000c00                PROVIDE (__cy_heap_end, (__cy_stack - 0x400))

.cybootloader   0x00000000        0x0
 *(.cybootloader)
                0x00000000                appl1_start = CY_APPL_ORIGIN?CY_APPL_ORIGIN:ALIGN (CY_FLASH_ROW_SIZE)
                0x00003f80                appl2_start = (appl1_start + ALIGN ((((0x8000 - appl1_start) - (0x2 * CY_FLASH_ROW_SIZE)) / 0x2), CY_FLASH_ROW_SIZE))
                0x00000000                appl_start = (CY_APPL_NUM == 0x1)?appl1_start:appl2_start
                0x00000001                cy_project_type_bootloader = (appl_start == 0x0)?0x1:0x0
                0x00000000                cy_project_type_app_for_stack_and_copier = (CY_APP_FOR_STACK_AND_COPIER == 0x1)?0x1:0x0

.text           0x00000000     0x1fc8
 CREATE_OBJECT_SYMBOLS
                0x00000000                PROVIDE (__cy_interrupt_vector, RomVectors)
 *(.romvectors)
 .romvectors    0x00000000       0x10 .\CortexM0\ARM_GCC_493\Debug\Cm0Start.o
                0x00000000                RomVectors
                0x00000001                ASSERT ((. != __cy_interrupt_vector), No interrupt vector)
                0x00000001                ASSERT (CY_APPL_ORIGIN?(SIZEOF (.cybootloader) <= CY_APPL_ORIGIN):0x1, Wrong image location)
                0x00000010                PROVIDE (__cy_reset, Reset)
 *(.text.Reset)
 .text.Reset    0x00000010        0x8 .\CortexM0\ARM_GCC_493\Debug\Cm0Start.o
                0x00000010                Reset
                0x00000001                ASSERT ((. != __cy_reset), No reset code)
 *(.psocinit)
 .psocinit      0x00000018      0x1dc .\CortexM0\ARM_GCC_493\Debug\STONE_TOUCH.a(cyfitter_cfg.o)
                0x000000c0                cyfitter_cfg
                0x000001f4                . = MAX (., 0x100)
 *(.text .text.* .gnu.linkonce.t.*)
 .text          0x000001f4       0x60 c:/program files (x86)/cypress/psoc creator/3.3/psoc creator/import/gnu/arm/4.9.3/bin/../lib/gcc/arm-none-eabi/4.9.3/armv6-m/crtbegin.o
 .text.main     0x00000254      0x120 .\CortexM0\ARM_GCC_493\Debug\main.o
                0x00000254                main
 .text.IntDefaultHandler
                0x00000374        0x4 .\CortexM0\ARM_GCC_493\Debug\Cm0Start.o
                0x00000374                IntDefaultHandler
 .text.Start_c  0x00000378       0x48 .\CortexM0\ARM_GCC_493\Debug\Cm0Start.o
                0x00000378                Start_c
 .text.initialize_psoc
                0x000003c0       0x48 .\CortexM0\ARM_GCC_493\Debug\Cm0Start.o
                0x000003c0                initialize_psoc
 .text.cfg_write_bytes32
                0x00000408       0x34 .\CortexM0\ARM_GCC_493\Debug\STONE_TOUCH.a(cyfitter_cfg.o)
 .text.CYMEMZERO
                0x0000043c        0xc .\CortexM0\ARM_GCC_493\Debug\STONE_TOUCH.a(cyfitter_cfg.o)
 .text.SetAnalogRoutingPumps
                0x00000448       0x40 .\CortexM0\ARM_GCC_493\Debug\STONE_TOUCH.a(cyfitter_cfg.o)
                0x00000448                SetAnalogRoutingPumps
 .text.AnalogSetDefault
                0x00000488        0xc .\CortexM0\ARM_GCC_493\Debug\STONE_TOUCH.a(cyfitter_cfg.o)
 *fill*         0x00000494        0xc 
 .text          0x000004a0       0xe0 .\CortexM0\ARM_GCC_493\Debug\STONE_TOUCH.a(SW_Tx_UART_1_AsmGnu.o)
                0x000004a0                SW_Tx_UART_1_PutChar
 .text.SW_Tx_UART_1_Start
                0x00000580        0x4 .\CortexM0\ARM_GCC_493\Debug\STONE_TOUCH.a(SW_Tx_UART_1.o)
                0x00000580                SW_Tx_UART_1_Start
 .text.CapSense_CsdHwBlockInit
                0x00000584       0x88 .\CortexM0\ARM_GCC_493\Debug\STONE_TOUCH.a(CapSense.o)
                0x00000584                CapSense_CsdHwBlockInit
 .text.CapSense_Enable
                0x0000060c       0x3c .\CortexM0\ARM_GCC_493\Debug\STONE_TOUCH.a(CapSense.o)
                0x0000060c                CapSense_Enable
 .text.CapSense_IsBusy
                0x00000648       0x10 .\CortexM0\ARM_GCC_493\Debug\STONE_TOUCH.a(CapSense.o)
                0x00000648                CapSense_IsBusy
 .text.CapSense_ReadSensorRaw
                0x00000658       0x10 .\CortexM0\ARM_GCC_493\Debug\STONE_TOUCH.a(CapSense.o)
                0x00000658                CapSense_ReadSensorRaw
 .text.CapSense_EnableSensor
                0x00000668       0x48 .\CortexM0\ARM_GCC_493\Debug\STONE_TOUCH.a(CapSense.o)
                0x00000668                CapSense_EnableSensor
 .text.CapSense_DisableSensor
                0x000006b0       0x70 .\CortexM0\ARM_GCC_493\Debug\STONE_TOUCH.a(CapSense.o)
                0x000006b0                CapSense_DisableSensor
 .text.CapSense_ClearSensors
                0x00000720       0x14 .\CortexM0\ARM_GCC_493\Debug\STONE_TOUCH.a(CapSense.o)
                0x00000720                CapSense_ClearSensors
 .text.CapSense_SetShieldDelay
                0x00000734       0x14 .\CortexM0\ARM_GCC_493\Debug\STONE_TOUCH.a(CapSense.o)
                0x00000734                CapSense_SetShieldDelay
 .text.CapSense_Init
                0x00000748       0x28 .\CortexM0\ARM_GCC_493\Debug\STONE_TOUCH.a(CapSense.o)
                0x00000748                CapSense_Init
 .text.CapSense_Start
                0x00000770       0x38 .\CortexM0\ARM_GCC_493\Debug\STONE_TOUCH.a(CapSense.o)
                0x00000770                CapSense_Start
 .text.CapSense_GetBitValue
                0x000007a8       0x1c .\CortexM0\ARM_GCC_493\Debug\STONE_TOUCH.a(CapSense.o)
                0x000007a8                CapSense_GetBitValue
 .text.CapSense_FindNextSensor
                0x000007c4       0x24 .\CortexM0\ARM_GCC_493\Debug\STONE_TOUCH.a(CapSense.o)
                0x000007c4                CapSense_FindNextSensor
 .text.CapSense_PreScan
                0x000007e8      0x118 .\CortexM0\ARM_GCC_493\Debug\STONE_TOUCH.a(CapSense.o)
                0x000007e8                CapSense_PreScan
 .text.CapSense_ScanSensor
                0x00000900       0x1c .\CortexM0\ARM_GCC_493\Debug\STONE_TOUCH.a(CapSense.o)
                0x00000900                CapSense_ScanSensor
 .text.CapSense_ScanEnabledWidgets
                0x0000091c       0x38 .\CortexM0\ARM_GCC_493\Debug\STONE_TOUCH.a(CapSense.o)
                0x0000091c                CapSense_ScanEnabledWidgets
 .text.CapSense_PostScan
                0x00000954       0x8c .\CortexM0\ARM_GCC_493\Debug\STONE_TOUCH.a(CapSense.o)
                0x00000954                CapSense_PostScan
 .text.CapSense_SetBitValue
                0x000009e0       0x28 .\CortexM0\ARM_GCC_493\Debug\STONE_TOUCH.a(CapSense.o)
                0x000009e0                CapSense_SetBitValue
 .text.CapSense_GetSensorRaw
                0x00000a08       0x2c .\CortexM0\ARM_GCC_493\Debug\STONE_TOUCH.a(CapSense.o)
                0x00000a08                CapSense_GetSensorRaw
 .text.CapSense_BaseInit
                0x00000a34       0x40 .\CortexM0\ARM_GCC_493\Debug\STONE_TOUCH.a(CapSense_CSHL.o)
                0x00000a34                CapSense_BaseInit
 .text.CapSense_InitializeSensorBaseline
                0x00000a74       0x18 .\CortexM0\ARM_GCC_493\Debug\STONE_TOUCH.a(CapSense_CSHL.o)
                0x00000a74                CapSense_InitializeSensorBaseline
 .text.CapSense_InitializeAllBaselines
                0x00000a8c       0x14 .\CortexM0\ARM_GCC_493\Debug\STONE_TOUCH.a(CapSense_CSHL.o)
                0x00000a8c                CapSense_InitializeAllBaselines
 .text.CapSense_CheckIsSensorActive
                0x00000aa0       0xa4 .\CortexM0\ARM_GCC_493\Debug\STONE_TOUCH.a(CapSense_CSHL.o)
                0x00000aa0                CapSense_CheckIsSensorActive
 .text.CapSense_CheckIsWidgetActive
                0x00000b44       0x28 .\CortexM0\ARM_GCC_493\Debug\STONE_TOUCH.a(CapSense_CSHL.o)
                0x00000b44                CapSense_CheckIsWidgetActive
 .text.CapSense_IIR4Filter
                0x00000b6c        0xc .\CortexM0\ARM_GCC_493\Debug\STONE_TOUCH.a(CapSense_CSHL.o)
                0x00000b6c                CapSense_IIR4Filter
 .text.CapSense_UpdateBaselineNoThreshold
                0x00000b78      0x110 .\CortexM0\ARM_GCC_493\Debug\STONE_TOUCH.a(CapSense_CSHL.o)
                0x00000b78                CapSense_UpdateBaselineNoThreshold
 .text.CapSense_UpdateSensorBaseline
                0x00000c88       0x10 .\CortexM0\ARM_GCC_493\Debug\STONE_TOUCH.a(CapSense_CSHL.o)
                0x00000c88                CapSense_UpdateSensorBaseline
 .text.CapSense_UpdateEnabledBaselines
                0x00000c98       0x24 .\CortexM0\ARM_GCC_493\Debug\STONE_TOUCH.a(CapSense_CSHL.o)
                0x00000c98                CapSense_UpdateEnabledBaselines
 .text.CapSense_ISR
                0x00000cbc       0x9c .\CortexM0\ARM_GCC_493\Debug\STONE_TOUCH.a(CapSense_INT.o)
                0x00000cbc                CapSense_ISR
 .text.CapSense_UpdateThresholds
                0x00000d58       0x30 .\CortexM0\ARM_GCC_493\Debug\STONE_TOUCH.a(CapSense_SMS.o)
                0x00000d58                CapSense_UpdateThresholds
 .text.CapSense_SetAnalogSwitchesSrcDirect
                0x00000d88       0x10 .\CortexM0\ARM_GCC_493\Debug\STONE_TOUCH.a(CapSense_SMS.o)
                0x00000d88                CapSense_SetAnalogSwitchesSrcDirect
 .text.CapSense_DisableBaselineIDAC
                0x00000d98       0x1c .\CortexM0\ARM_GCC_493\Debug\STONE_TOUCH.a(CapSense_SMS.o)
                0x00000d98                CapSense_DisableBaselineIDAC
 .text.CapSense_EnableBaselineIDAC
                0x00000db4       0x50 .\CortexM0\ARM_GCC_493\Debug\STONE_TOUCH.a(CapSense_SMS.o)
                0x00000db4                CapSense_EnableBaselineIDAC
 .text.CapSense_AutoTune
                0x00000e04       0xb0 .\CortexM0\ARM_GCC_493\Debug\STONE_TOUCH.a(CapSense_SMS.o)
                0x00000e04                CapSense_AutoTune
 .text.CapSense_SampleClk_Start
                0x00000eb4       0x14 .\CortexM0\ARM_GCC_493\Debug\STONE_TOUCH.a(CapSense_SampleClk.o)
                0x00000eb4                CapSense_SampleClk_Start
 .text.CapSense_SampleClk_Stop
                0x00000ec8       0x10 .\CortexM0\ARM_GCC_493\Debug\STONE_TOUCH.a(CapSense_SampleClk.o)
                0x00000ec8                CapSense_SampleClk_Stop
 .text.CapSense_SampleClk_SetFractionalDividerRegister
                0x00000ed8       0x14 .\CortexM0\ARM_GCC_493\Debug\STONE_TOUCH.a(CapSense_SampleClk.o)
                0x00000ed8                CapSense_SampleClk_SetFractionalDividerRegister
 .text.CapSense_SenseClk_Start
                0x00000eec       0x14 .\CortexM0\ARM_GCC_493\Debug\STONE_TOUCH.a(CapSense_SenseClk.o)
                0x00000eec                CapSense_SenseClk_Start
 .text.CapSense_SenseClk_Stop
                0x00000f00       0x10 .\CortexM0\ARM_GCC_493\Debug\STONE_TOUCH.a(CapSense_SenseClk.o)
                0x00000f00                CapSense_SenseClk_Stop
 .text.CapSense_SenseClk_SetFractionalDividerRegister
                0x00000f10       0x14 .\CortexM0\ARM_GCC_493\Debug\STONE_TOUCH.a(CapSense_SenseClk.o)
                0x00000f10                CapSense_SenseClk_SetFractionalDividerRegister
 *fill*         0x00000f24        0x4 
 .text          0x00000f28       0x28 .\CortexM0\ARM_GCC_493\Debug\STONE_TOUCH.a(CyBootAsmGnu.o)
                0x00000f28                CyDelayCycles
                0x00000f3c                CyEnterCriticalSection
                0x00000f44                CyExitCriticalSection
 .text.CyIntEnable
                0x00000f50       0x14 .\CortexM0\ARM_GCC_493\Debug\STONE_TOUCH.a(CyLib.o)
                0x00000f50                CyIntEnable
 .text.CyIntDisable
                0x00000f64       0x14 .\CortexM0\ARM_GCC_493\Debug\STONE_TOUCH.a(CyLib.o)
                0x00000f64                CyIntDisable
 .text.CyHalt   0x00000f78        0x4 .\CortexM0\ARM_GCC_493\Debug\STONE_TOUCH.a(CyLib.o)
                0x00000f78                CyHalt
 .text.CyIntSetVector
                0x00000f7c       0x24 .\CortexM0\ARM_GCC_493\Debug\STONE_TOUCH.a(CyLib.o)
                0x00000f7c                CyIntSetVector
 .text.CyIntSetPriority
                0x00000fa0       0x4c .\CortexM0\ARM_GCC_493\Debug\STONE_TOUCH.a(CyLib.o)
                0x00000fa0                CyIntSetPriority
 .text.CyDelayUs
                0x00000fec       0x14 .\CortexM0\ARM_GCC_493\Debug\STONE_TOUCH.a(CyLib.o)
                0x00000fec                CyDelayUs
 .text.CySysClkWriteImoFreq
                0x00001000      0x164 .\CortexM0\ARM_GCC_493\Debug\STONE_TOUCH.a(CyLib.o)
                0x00001000                CySysClkWriteImoFreq
 .text.CySysWdtLocked
                0x00001164       0x14 .\CortexM0\ARM_GCC_493\Debug\STONE_TOUCH.a(CyLFClk.o)
 .text.CySysWdtLock
                0x00001178       0x1c .\CortexM0\ARM_GCC_493\Debug\STONE_TOUCH.a(CyLFClk.o)
                0x00001178                CySysWdtLock
 .text.CySysWdtUnlock
                0x00001194       0x30 .\CortexM0\ARM_GCC_493\Debug\STONE_TOUCH.a(CyLFClk.o)
                0x00001194                CySysWdtUnlock
 .text.CySysWdtClearInterrupt
                0x000011c4       0x4c .\CortexM0\ARM_GCC_493\Debug\STONE_TOUCH.a(CyLFClk.o)
                0x000011c4                CySysWdtClearInterrupt
 .text.CySysWdtIsr
                0x00001210       0xa4 .\CortexM0\ARM_GCC_493\Debug\STONE_TOUCH.a(CyLFClk.o)
                0x00001210                CySysWdtIsr
 .text.LED_CONTROL_WriteCounter
                0x000012b4       0x10 .\CortexM0\ARM_GCC_493\Debug\STONE_TOUCH.a(LED_CONTROL.o)
                0x000012b4                LED_CONTROL_WriteCounter
 .text.LED_CONTROL_WritePeriod
                0x000012c4       0x10 .\CortexM0\ARM_GCC_493\Debug\STONE_TOUCH.a(LED_CONTROL.o)
                0x000012c4                LED_CONTROL_WritePeriod
 .text.LED_CONTROL_WriteCompare
                0x000012d4       0x10 .\CortexM0\ARM_GCC_493\Debug\STONE_TOUCH.a(LED_CONTROL.o)
                0x000012d4                LED_CONTROL_WriteCompare
 .text.LED_CONTROL_TriggerCommand
                0x000012e4       0x1c .\CortexM0\ARM_GCC_493\Debug\STONE_TOUCH.a(LED_CONTROL.o)
                0x000012e4                LED_CONTROL_TriggerCommand
 .text.LED_CONTROL_Enable
                0x00001300       0x24 .\CortexM0\ARM_GCC_493\Debug\STONE_TOUCH.a(LED_CONTROL.o)
                0x00001300                LED_CONTROL_Enable
 .text.LED_CONTROL_SetInterruptMode
                0x00001324        0xc .\CortexM0\ARM_GCC_493\Debug\STONE_TOUCH.a(LED_CONTROL.o)
                0x00001324                LED_CONTROL_SetInterruptMode
 .text.LED_CONTROL_Init
                0x00001330       0x48 .\CortexM0\ARM_GCC_493\Debug\STONE_TOUCH.a(LED_CONTROL.o)
                0x00001330                LED_CONTROL_Init
 .text.LED_CONTROL_Start
                0x00001378       0x20 .\CortexM0\ARM_GCC_493\Debug\STONE_TOUCH.a(LED_CONTROL.o)
                0x00001378                LED_CONTROL_Start
 .text.CalibrateOneDAC_P4_v2_30
                0x00001398       0x40 C:\Program Files (x86)\Cypress\PSoC Creator\3.3\PSoC Creator\psoc\content\cycomponentlibrary\CyComponentLibrary.cylib\CapSense_CSD_P4_v2_30\PSoC4\Library\CapsenseP4Library_GCC.a(CSD_P4_SmartSense_v2_30.o)
                0x00001398                CalibrateOneDAC_P4_v2_30
 .text.CalibrateSensors_P4_v2_30
                0x000013d8       0x22 C:\Program Files (x86)\Cypress\PSoC Creator\3.3\PSoC Creator\psoc\content\cycomponentlibrary\CyComponentLibrary.cylib\CapSense_CSD_P4_v2_30\PSoC4\Library\CapsenseP4Library_GCC.a(CSD_P4_SmartSense_v2_30.o)
                0x000013d8                CalibrateSensors_P4_v2_30
 .text.TunePrescalers_P4_v2_30
                0x000013fa       0x42 C:\Program Files (x86)\Cypress\PSoC Creator\3.3\PSoC Creator\psoc\content\cycomponentlibrary\CyComponentLibrary.cylib\CapSense_CSD_P4_v2_30\PSoC4\Library\CapsenseP4Library_GCC.a(CSD_P4_SmartSense_v2_30.o)
                0x000013fa                TunePrescalers_P4_v2_30
 .text.TuneSensitivity_P4_v2_30
                0x0000143c       0xdc C:\Program Files (x86)\Cypress\PSoC Creator\3.3\PSoC Creator\psoc\content\cycomponentlibrary\CyComponentLibrary.cylib\CapSense_CSD_P4_v2_30\PSoC4\Library\CapsenseP4Library_GCC.a(CSD_P4_SmartSense_v2_30.o)
                0x0000143c                TuneSensitivity_P4_v2_30
 .text.MeasureNoiseEnvelope_P4_v2_30
                0x00001518       0xfc C:\Program Files (x86)\Cypress\PSoC Creator\3.3\PSoC Creator\psoc\content\cycomponentlibrary\CyComponentLibrary.cylib\CapSense_CSD_P4_v2_30\PSoC4\Library\CapsenseP4Library_GCC.a(CSD_P4_SmartSense_v2_30.o)
                0x00001518                MeasureNoiseEnvelope_P4_v2_30
 .text          0x00001614      0x120 c:/program files (x86)/cypress/psoc creator/3.3/psoc creator/import/gnu/arm/4.9.3/bin/../lib/gcc/arm-none-eabi/4.9.3/armv6-m\libgcc.a(_udivsi3.o)
                0x00001614                __aeabi_uidiv
                0x00001614                __udivsi3
                0x00001720                __aeabi_uidivmod
 .text          0x00001734      0x1e0 c:/program files (x86)/cypress/psoc creator/3.3/psoc creator/import/gnu/arm/4.9.3/bin/../lib/gcc/arm-none-eabi/4.9.3/armv6-m\libgcc.a(_divsi3.o)
                0x00001734                __divsi3
                0x00001734                __aeabi_idiv
                0x00001900                __aeabi_idivmod
 .text          0x00001914        0x4 c:/program files (x86)/cypress/psoc creator/3.3/psoc creator/import/gnu/arm/4.9.3/bin/../lib/gcc/arm-none-eabi/4.9.3/armv6-m\libgcc.a(_dvmd_tls.o)
                0x00001914                __aeabi_idiv0
                0x00001914                __aeabi_ldiv0
 .text          0x00001918      0x534 c:/program files (x86)/cypress/psoc creator/3.3/psoc creator/import/gnu/arm/4.9.3/bin/../lib/gcc/arm-none-eabi/4.9.3/armv6-m\libgcc.a(muldf3.o)
                0x00001918                __aeabi_dmul
 .text          0x00001e4c       0x6c c:/program files (x86)/cypress/psoc creator/3.3/psoc creator/import/gnu/arm/4.9.3/bin/../lib/gcc/arm-none-eabi/4.9.3/armv6-m\libgcc.a(fixdfsi.o)
                0x00001e4c                __aeabi_d2iz
 .text          0x00001eb8       0x78 c:/program files (x86)/cypress/psoc creator/3.3/psoc creator/import/gnu/arm/4.9.3/bin/../lib/gcc/arm-none-eabi/4.9.3/armv6-m\libgcc.a(floatsidf.o)
                0x00001eb8                __aeabi_i2d
 .text          0x00001f30       0x3c c:/program files (x86)/cypress/psoc creator/3.3/psoc creator/import/gnu/arm/4.9.3/bin/../lib/gcc/arm-none-eabi/4.9.3/armv6-m\libgcc.a(_clzsi2.o)
                0x00001f30                __clzsi2
 .text.__libc_init_array
                0x00001f6c       0x4c c:/program files (x86)/cypress/psoc creator/3.3/psoc creator/import/gnu/arm/4.9.3/bin/../lib/gcc/arm-none-eabi/4.9.3/../../../../arm-none-eabi/lib/armv6-m\libg_nano.a(lib_a-init.o)
                0x00001f6c                __libc_init_array
 .text.memset   0x00001fb8       0x10 c:/program files (x86)/cypress/psoc creator/3.3/psoc creator/import/gnu/arm/4.9.3/bin/../lib/gcc/arm-none-eabi/4.9.3/../../../../arm-none-eabi/lib/armv6-m\libg_nano.a(lib_a-memset.o)
                0x00001fb8                memset
 *(.plt)
 *(.gnu.warning)
 *(.glue_7t)
 .glue_7t       0x00000000        0x0 linker stubs
 *(.glue_7)
 .glue_7        0x00000000        0x0 linker stubs
 *(.vfp11_veneer)
 .vfp11_veneer  0x00000000        0x0 linker stubs
 *(.bootloader)
 *(.ARM.extab* .gnu.linkonce.armextab.*)
 *(.gcc_except_table)

.v4_bx          0x00001fc8        0x0
 .v4_bx         0x00000000        0x0 linker stubs

.iplt           0x00001fc8        0x0
 .iplt          0x00000000        0x0 c:/program files (x86)/cypress/psoc creator/3.3/psoc creator/import/gnu/arm/4.9.3/bin/../lib/gcc/arm-none-eabi/4.9.3/armv6-m/crtbegin.o

.eh_frame_hdr
 *(.eh_frame_hdr)

.eh_frame       0x00001fc8        0x4
 *(.eh_frame)
 .eh_frame      0x00001fc8        0x0 c:/program files (x86)/cypress/psoc creator/3.3/psoc creator/import/gnu/arm/4.9.3/bin/../lib/gcc/arm-none-eabi/4.9.3/armv6-m/crtbegin.o
 .eh_frame      0x00001fc8        0x4 c:/program files (x86)/cypress/psoc creator/3.3/psoc creator/import/gnu/arm/4.9.3/bin/../lib/gcc/arm-none-eabi/4.9.3/armv6-m/crtend.o
                0x00001fcc                PROVIDE (__exidx_start, .)

.ARM.exidx
 *(.ARM.exidx* .gnu.linkonce.armexidx.*)
                0x00001fcc                __exidx_end = .

.rodata         0x00001fcc      0x22c
 *(.rodata .rodata.* .gnu.linkonce.r.*)
 .rodata        0x00001fcc       0x58 .\CortexM0\ARM_GCC_493\Debug\STONE_TOUCH.a(cyfitter_cfg.o)
 .rodata        0x00002024       0xa0 .\CortexM0\ARM_GCC_493\Debug\STONE_TOUCH.a(CapSense.o)
                0x00002024                CapSense_portTable
                0x00002034                CapSense_pinShiftTbl
                0x00002044                CapSense_prtSelTbl
                0x00002058                CapSense_prtCfgTbl
                0x0000206c                CapSense_prtDRTbl
                0x00002080                CapSense_widgetNumber
                0x00002090                CapSense_maskTable
 .rodata        0x000020c4       0x20 .\CortexM0\ARM_GCC_493\Debug\STONE_TOUCH.a(CapSense_CSHL.o)
                0x000020c4                CapSense_rawDataIndex
                0x000020d4                CapSense_numberOfSensors
 .rodata        0x000020e4       0x6c .\CortexM0\ARM_GCC_493\Debug\STONE_TOUCH.a(CapSense_SMS.o)
                0x000020e4                CapSense_configPointers
                0x00002140                CapSense_prescalerTable
 .rodata        0x00002150       0x30 .\CortexM0\ARM_GCC_493\Debug\STONE_TOUCH.a(CyLib.o)
                0x00002150                cyImoFreqMhz2Reg
 .rodata        0x00002180       0x40 c:/program files (x86)/cypress/psoc creator/3.3/psoc creator/import/gnu/arm/4.9.3/bin/../lib/gcc/arm-none-eabi/4.9.3/armv6-m\libgcc.a(muldf3.o)
                0x000021c0                . = ALIGN (0x4)
 *(.init)
 .init          0x000021c0        0x4 c:/program files (x86)/cypress/psoc creator/3.3/psoc creator/import/gnu/arm/4.9.3/bin/../lib/gcc/arm-none-eabi/4.9.3/armv6-m/crti.o
                0x000021c0                _init
 .init          0x000021c4        0x8 c:/program files (x86)/cypress/psoc creator/3.3/psoc creator/import/gnu/arm/4.9.3/bin/../lib/gcc/arm-none-eabi/4.9.3/armv6-m/crtn.o
                0x000021cc                . = ALIGN (0x4)
                0x000021cc                __preinit_array_start = .
 *(.preinit_array)
                0x000021cc                __preinit_array_end = .
                0x000021cc                . = ALIGN (0x4)
                0x000021cc                __init_array_start = .
 *(SORT(.init_array.*))
 *(.init_array)
 .init_array    0x000021cc        0x4 c:/program files (x86)/cypress/psoc creator/3.3/psoc creator/import/gnu/arm/4.9.3/bin/../lib/gcc/arm-none-eabi/4.9.3/armv6-m/crtbegin.o
 .init_array    0x000021d0        0x4 .\CortexM0\ARM_GCC_493\Debug\Cm0Start.o
                0x000021d4                __init_array_end = .
                0x000021d4                . = ALIGN (0x4)
 *(.fini)
 .fini          0x000021d4        0x4 c:/program files (x86)/cypress/psoc creator/3.3/psoc creator/import/gnu/arm/4.9.3/bin/../lib/gcc/arm-none-eabi/4.9.3/armv6-m/crti.o
                0x000021d4                _fini
 .fini          0x000021d8        0x8 c:/program files (x86)/cypress/psoc creator/3.3/psoc creator/import/gnu/arm/4.9.3/bin/../lib/gcc/arm-none-eabi/4.9.3/armv6-m/crtn.o
                0x000021e0                . = ALIGN (0x4)
                0x000021e0                __fini_array_start = .
 *(.fini_array)
 .fini_array    0x000021e0        0x4 c:/program files (x86)/cypress/psoc creator/3.3/psoc creator/import/gnu/arm/4.9.3/bin/../lib/gcc/arm-none-eabi/4.9.3/armv6-m/crtbegin.o
 *(SORT(.fini_array.*))
                0x000021e4                __fini_array_end = .
                0x000021e4                . = ALIGN (0x4)
 *crtbegin.o(.ctors)
 *(EXCLUDE_FILE(*crtend.o) .ctors)
 *(SORT(.ctors.*))
 *crtend.o(.ctors)
                0x000021e4                . = ALIGN (0x4)
 *crtbegin.o(.dtors)
 *(EXCLUDE_FILE(*crtend.o) .dtors)
 *(SORT(.dtors.*))
 *crtend.o(.dtors)
                0x000021e4                . = ALIGN (0x4)
                0x000021e4                __cy_regions = .
                0x000021e4        0x4 LONG 0x21f8 __cy_region_init_ram
                0x000021e8        0x4 LONG 0x200000c8 __cy_region_start_data
                0x000021ec        0x4 LONG 0xd0 __cy_region_init_size_ram
                0x000021f0        0x4 LONG 0x280 __cy_region_zero_size_ram
                0x000021f4                __cy_regions_end = .
                0x000021f8                . = ALIGN (0x8)
 *fill*         0x000021f4        0x4 
                0x000021f8                _etext = .

.cy_checksum_exclude
                0x000021f8        0x0
 *(.cy_checksum_exclude)

.ramvectors     0x20000000       0xc0
                0x20000000                __cy_region_start_ram = .
 *(.ramvectors)
 .ramvectors    0x20000000       0xc0 .\CortexM0\ARM_GCC_493\Debug\Cm0Start.o
                0x20000000                CyRamVectors

.noinit         0x200000c0        0x4
 *(.noinit)
 .noinit        0x200000c0        0x4 .\CortexM0\ARM_GCC_493\Debug\Cm0Start.o

.data           0x200000c8       0xd0 load address 0x000021f8
                0x200000c8                __cy_region_start_data = .
 *(.jcr)
 .jcr           0x200000c8        0x0 c:/program files (x86)/cypress/psoc creator/3.3/psoc creator/import/gnu/arm/4.9.3/bin/../lib/gcc/arm-none-eabi/4.9.3/armv6-m/crtbegin.o
 .jcr           0x200000c8        0x4 c:/program files (x86)/cypress/psoc creator/3.3/psoc creator/import/gnu/arm/4.9.3/bin/../lib/gcc/arm-none-eabi/4.9.3/armv6-m/crtend.o
 *(.got.plt)
 *(.got)
 *(.shdata)
 *(.data .data.* .gnu.linkonce.d.*)
 .data          0x200000cc        0x8 .\CortexM0\ARM_GCC_493\Debug\STONE_TOUCH.a(SW_Tx_UART_1.o)
                0x200000cc                SW_Tx_UART_1_pinDrAdress
                0x200000d0                SW_Tx_UART_1_pinNumber
 .data          0x200000d4       0x6c .\CortexM0\ARM_GCC_493\Debug\STONE_TOUCH.a(CapSense.o)
                0x200000d4                CapSense_widgetResolution
                0x20000108                CapSense_sensorEnableMask
                0x2000010c                CapSense_pcTable
 .data          0x20000140       0x30 .\CortexM0\ARM_GCC_493\Debug\STONE_TOUCH.a(CapSense_CSHL.o)
                0x20000140                CapSense_debounce
                0x20000150                CapSense_fingerThreshold
                0x20000160                CapSense_lowBaselineReset
                0x2000016d                CapSense_enableRawFilters
 .data          0x20000170       0x10 .\CortexM0\ARM_GCC_493\Debug\STONE_TOUCH.a(CapSense_SMS.o)
                0x20000170                CapSense_sensorSensitivity
 .data          0x20000180       0x10 .\CortexM0\ARM_GCC_493\Debug\STONE_TOUCH.a(CyLib.o)
                0x20000180                cydelay32kMs
                0x20000184                cydelayFreqKhz
                0x20000188                cydelayFreqMhz
                0x2000018c                cydelayFreqHz
 .data          0x20000190        0x4 .\CortexM0\ARM_GCC_493\Debug\STONE_TOUCH.a(CyLFClk.o)
                0x20000198                . = ALIGN (0x8)
 *fill*         0x20000194        0x4 
 *(.ram)
                0x20000198                _edata = .

.igot.plt       0x20000198        0x0 load address 0x000022c8
 .igot.plt      0x00000000        0x0 c:/program files (x86)/cypress/psoc creator/3.3/psoc creator/import/gnu/arm/4.9.3/bin/../lib/gcc/arm-none-eabi/4.9.3/armv6-m/crtbegin.o

.bss            0x20000198      0x280 load address 0x000022c8
                0x20000198                PROVIDE (__bss_start__, .)
 *(.shbss)
 *(.bss .bss.* .gnu.linkonce.b.*)
 .bss           0x20000198       0x1c c:/program files (x86)/cypress/psoc creator/3.3/psoc creator/import/gnu/arm/4.9.3/bin/../lib/gcc/arm-none-eabi/4.9.3/armv6-m/crtbegin.o
 .bss           0x200001b4       0x68 .\CortexM0\ARM_GCC_493\Debug\main.o
                0x200001b4                Button
                0x200001e8                Status
 .bss           0x2000021c        0x4 .\CortexM0\ARM_GCC_493\Debug\STONE_TOUCH.a(SW_Tx_UART_1.o)
                0x2000021c                SW_Tx_UART_1_pinPortNumber
 .bss           0x20000220       0x24 .\CortexM0\ARM_GCC_493\Debug\STONE_TOUCH.a(CapSense.o)
                0x20000220                CapSense_csdStatusVar
                0x20000224                CapSense_sensorRaw
                0x2000023f                CapSense_lowLevelTuningDone
                0x20000240                CapSense_sensorIndex
                0x20000241                CapSense_prescalersTuningDone
 .bss           0x20000244       0x50 .\CortexM0\ARM_GCC_493\Debug\STONE_TOUCH.a(CapSense_CSHL.o)
                0x20000244                CapSense_sensorBaseline
                0x20000260                CapSense_sensorBaselineLow
                0x20000270                CapSense_sensorSignal
                0x20000290                CapSense_sensorOnMask
 .bss           0x20000294        0x1 .\CortexM0\ARM_GCC_493\Debug\STONE_TOUCH.a(CapSense_INT.o)
 *fill*         0x20000295        0x3 
 .bss           0x20000298       0x1c .\CortexM0\ARM_GCC_493\Debug\STONE_TOUCH.a(CyLFClk.o)
 .bss           0x200002b4        0x1 .\CortexM0\ARM_GCC_493\Debug\STONE_TOUCH.a(LED_CONTROL.o)
                0x200002b4                LED_CONTROL_initVar
 *(COMMON)
 *fill*         0x200002b5        0x3 
 COMMON         0x200002b8        0x4 .\CortexM0\ARM_GCC_493\Debug\main.o
                0x200002b8                bright
 COMMON         0x200002bc       0x59 .\CortexM0\ARM_GCC_493\Debug\STONE_TOUCH.a(CapSense.o)
                0x200002bc                CapSense_csdTrim1
                0x200002c0                CapSense_scanSpeedTbl
                0x200002c4                CapSense_sensorEnableMaskBackup
                0x200002c8                CapSense_senseClkDividerVal
                0x200002d8                CapSense_modulationIDAC
                0x200002e8                CapSense_compensationIDAC
                0x200002f8                CapSense_unscannedSnsDriveMode
                0x20000308                CapSense_sampleClkDividerVal
 *fill*         0x20000315        0x3 
 COMMON         0x20000318       0x59 .\CortexM0\ARM_GCC_493\Debug\STONE_TOUCH.a(CapSense_CSHL.o)
                0x20000318                CapSense_noiseThreshold
                0x20000328                CapSense_lowBaselineResetCnt
                0x20000338                CapSense_negativeNoiseThreshold
                0x20000348                CapSense_rawFilterData1
                0x20000364                CapSense_hysteresis
 *fill*         0x20000371        0x3 
 COMMON         0x20000374       0x9d .\CortexM0\ARM_GCC_493\Debug\STONE_TOUCH.a(CapSense_SMS.o)
                0x20000374                CapSense_runningDifferenceTbl
                0x20000384                CapSense_signRegisterTbl
                0x20000394                CapSense_sampleMaxTbl
                0x200003b0                CapSense_noiseEnvelopeTbl
                0x200003c0                CapSense_previousSampleTbl
                0x200003dc                CapSense_sampleMinTbl
                0x200003f8                CapSense_config
                0x20000404                CapSense_kValueTbl
                0x20000418                . = ALIGN (0x8)
 *fill*         0x20000411        0x7 
 *(.ram.b)
                0x20000418                _end = .
                0x20000418                __end = .
                0x20000418                PROVIDE (end, .)
                0x20000418                PROVIDE (__bss_end__, .)
                0x000021f8                __cy_region_init_ram = LOADADDR (.data)
                0x000000d0                __cy_region_init_size_ram = (_edata - ADDR (.data))
                0x00000280                __cy_region_zero_size_ram = (_end - _edata)

.heap           0x20000418       0x80 load address 0x000022c8
                0x20000418                . = _end
                0x20000498                . = (. + 0x80)
 *fill*         0x20000418       0x80 
                0x20000498                __cy_heap_limit = .

.stack          0x20000c00      0x400
                0x20000c00                __cy_stack_limit = .
                0x20001000                . = (. + 0x400)
 *fill*         0x20000c00      0x400 
                0x00000001                ASSERT ((__cy_stack_limit >= __cy_heap_limit), region RAM overflowed with stack)
                0x00000000                cy_checksum_exclude_size = (CY_APPL_LOADABLE == 0x1)?SIZEOF (.cy_checksum_exclude):0x0
                0x00000001                ASSERT ((cy_checksum_exclude_size <= CY_CHECKSUM_EXCLUDE_SIZE), CY_BOOT: Section .cy_checksum_exclude size exceedes specified limit.)
                0x00007fc0                cyloadermeta_start = (cy_project_type_bootloader || cy_project_type_app_for_stack_and_copier)?(0x8000 - CY_METADATA_SIZE):0xf0000000

.cyloadermeta
 *(.cyloadermeta)
                0x00007fc0                cyloadablemeta_start = cy_project_type_app_for_stack_and_copier?((0x8000 - CY_FLASH_ROW_SIZE) - CY_METADATA_SIZE):((0x8000 - (CY_FLASH_ROW_SIZE * (CY_APPL_NUM - 0x1))) - CY_METADATA_SIZE)

.cyloadablemeta
 *(.cyloadablemeta)

.cyflashprotect
                0x90400000       0x20
 *(.cyflashprotect)
 .cyflashprotect
                0x90400000       0x20 .\CortexM0\ARM_GCC_493\Debug\cymetadata.o
                0x90400000                cy_meta_flashprotect

.cymeta         0x90500000        0xc
 *(.cymeta)
 .cymeta        0x90500000        0xc .\CortexM0\ARM_GCC_493\Debug\cymetadata.o
                0x90500000                cy_metadata

.cychipprotect  0x90600000        0x4
 *(.cychipprotect)
 .cychipprotect
                0x90600000        0x4 .\CortexM0\ARM_GCC_493\Debug\cymetadata.o
                0x90600000                cy_meta_chipprotect

.rel.dyn        0x000022c8        0x0 load address 0x90600004
 .rel.iplt      0x00000000        0x0 c:/program files (x86)/cypress/psoc creator/3.3/psoc creator/import/gnu/arm/4.9.3/bin/../lib/gcc/arm-none-eabi/4.9.3/armv6-m/crtbegin.o

.stab
 *(.stab)

.stabstr
 *(.stabstr)

.debug
 *(.debug)

.line
 *(.line)

.debug_srcinfo
 *(.debug_srcinfo)

.debug_sfnames
 *(.debug_sfnames)

.debug_aranges  0x00000000      0x900
 *(.debug_aranges)
 .debug_aranges
                0x00000000       0x20 .\CortexM0\ARM_GCC_493\Debug\main.o
 .debug_aranges
                0x00000020       0x18 .\CortexM0\ARM_GCC_493\Debug\cymetadata.o
 .debug_aranges
                0x00000038       0x48 .\CortexM0\ARM_GCC_493\Debug\Cm0Start.o
 .debug_aranges
                0x00000080       0x48 .\CortexM0\ARM_GCC_493\Debug\STONE_TOUCH.a(cyfitter_cfg.o)
 .debug_aranges
                0x000000c8       0x20 .\CortexM0\ARM_GCC_493\Debug\STONE_TOUCH.a(SW_Tx_UART_1_AsmGnu.o)
 .debug_aranges
                0x000000e8       0x50 .\CortexM0\ARM_GCC_493\Debug\STONE_TOUCH.a(SW_Tx_UART_1.o)
 .debug_aranges
                0x00000138      0x150 .\CortexM0\ARM_GCC_493\Debug\STONE_TOUCH.a(CapSense.o)
 .debug_aranges
                0x00000288      0x128 .\CortexM0\ARM_GCC_493\Debug\STONE_TOUCH.a(CapSense_CSHL.o)
 .debug_aranges
                0x000003b0       0x20 .\CortexM0\ARM_GCC_493\Debug\STONE_TOUCH.a(CapSense_INT.o)
 .debug_aranges
                0x000003d0       0x60 .\CortexM0\ARM_GCC_493\Debug\STONE_TOUCH.a(CapSense_SMS.o)
 .debug_aranges
                0x00000430       0x40 .\CortexM0\ARM_GCC_493\Debug\STONE_TOUCH.a(CapSense_SampleClk.o)
 .debug_aranges
                0x00000470       0x40 .\CortexM0\ARM_GCC_493\Debug\STONE_TOUCH.a(CapSense_SenseClk.o)
 .debug_aranges
                0x000004b0       0x20 .\CortexM0\ARM_GCC_493\Debug\STONE_TOUCH.a(CyBootAsmGnu.o)
 .debug_aranges
                0x000004d0      0x170 .\CortexM0\ARM_GCC_493\Debug\STONE_TOUCH.a(CyLib.o)
 .debug_aranges
                0x00000640      0x120 .\CortexM0\ARM_GCC_493\Debug\STONE_TOUCH.a(CyLFClk.o)
 .debug_aranges
                0x00000760      0x158 .\CortexM0\ARM_GCC_493\Debug\STONE_TOUCH.a(LED_CONTROL.o)
 .debug_aranges
                0x000008b8       0x48 C:\Program Files (x86)\Cypress\PSoC Creator\3.3\PSoC Creator\psoc\content\cycomponentlibrary\CyComponentLibrary.cylib\CapSense_CSD_P4_v2_30\PSoC4\Library\CapsenseP4Library_GCC.a(CSD_P4_SmartSense_v2_30.o)

.debug_pubnames
 *(.debug_pubnames)

.debug_info     0x00000000     0x5ec3
 *(.debug_info .gnu.linkonce.wi.*)
 .debug_info    0x00000000      0x2d0 .\CortexM0\ARM_GCC_493\Debug\main.o
 .debug_info    0x000002d0       0xfd .\CortexM0\ARM_GCC_493\Debug\cymetadata.o
 .debug_info    0x000003cd      0x38a .\CortexM0\ARM_GCC_493\Debug\Cm0Start.o
 .debug_info    0x00000757      0x41d .\CortexM0\ARM_GCC_493\Debug\STONE_TOUCH.a(cyfitter_cfg.o)
 .debug_info    0x00000b74       0xa0 .\CortexM0\ARM_GCC_493\Debug\STONE_TOUCH.a(SW_Tx_UART_1_AsmGnu.o)
 .debug_info    0x00000c14      0x2c2 .\CortexM0\ARM_GCC_493\Debug\STONE_TOUCH.a(SW_Tx_UART_1.o)
 .debug_info    0x00000ed6     0x103b .\CortexM0\ARM_GCC_493\Debug\STONE_TOUCH.a(CapSense.o)
 .debug_info    0x00001f11      0xe1b .\CortexM0\ARM_GCC_493\Debug\STONE_TOUCH.a(CapSense_CSHL.o)
 .debug_info    0x00002d2c      0x1ad .\CortexM0\ARM_GCC_493\Debug\STONE_TOUCH.a(CapSense_INT.o)
 .debug_info    0x00002ed9      0x756 .\CortexM0\ARM_GCC_493\Debug\STONE_TOUCH.a(CapSense_SMS.o)
 .debug_info    0x0000362f      0x14b .\CortexM0\ARM_GCC_493\Debug\STONE_TOUCH.a(CapSense_SampleClk.o)
 .debug_info    0x0000377a      0x14b .\CortexM0\ARM_GCC_493\Debug\STONE_TOUCH.a(CapSense_SenseClk.o)
 .debug_info    0x000038c5       0x99 .\CortexM0\ARM_GCC_493\Debug\STONE_TOUCH.a(CyBootAsmGnu.o)
 .debug_info    0x0000395e      0xa61 .\CortexM0\ARM_GCC_493\Debug\STONE_TOUCH.a(CyLib.o)
 .debug_info    0x000043bf      0xc20 .\CortexM0\ARM_GCC_493\Debug\STONE_TOUCH.a(CyLFClk.o)
 .debug_info    0x00004fdf      0x902 .\CortexM0\ARM_GCC_493\Debug\STONE_TOUCH.a(LED_CONTROL.o)
 .debug_info    0x000058e1      0x5e2 C:\Program Files (x86)\Cypress\PSoC Creator\3.3\PSoC Creator\psoc\content\cycomponentlibrary\CyComponentLibrary.cylib\CapSense_CSD_P4_v2_30\PSoC4\Library\CapsenseP4Library_GCC.a(CSD_P4_SmartSense_v2_30.o)

.debug_abbrev   0x00000000     0x164d
 *(.debug_abbrev)
 .debug_abbrev  0x00000000      0x11e .\CortexM0\ARM_GCC_493\Debug\main.o
 .debug_abbrev  0x0000011e       0x5d .\CortexM0\ARM_GCC_493\Debug\cymetadata.o
 .debug_abbrev  0x0000017b      0x1fe .\CortexM0\ARM_GCC_493\Debug\Cm0Start.o
 .debug_abbrev  0x00000379      0x1f3 .\CortexM0\ARM_GCC_493\Debug\STONE_TOUCH.a(cyfitter_cfg.o)
 .debug_abbrev  0x0000056c       0x14 .\CortexM0\ARM_GCC_493\Debug\STONE_TOUCH.a(SW_Tx_UART_1_AsmGnu.o)
 .debug_abbrev  0x00000580      0x110 .\CortexM0\ARM_GCC_493\Debug\STONE_TOUCH.a(SW_Tx_UART_1.o)
 .debug_abbrev  0x00000690      0x1fc .\CortexM0\ARM_GCC_493\Debug\STONE_TOUCH.a(CapSense.o)
 .debug_abbrev  0x0000088c      0x24e .\CortexM0\ARM_GCC_493\Debug\STONE_TOUCH.a(CapSense_CSHL.o)
 .debug_abbrev  0x00000ada      0x106 .\CortexM0\ARM_GCC_493\Debug\STONE_TOUCH.a(CapSense_INT.o)
 .debug_abbrev  0x00000be0      0x1fe .\CortexM0\ARM_GCC_493\Debug\STONE_TOUCH.a(CapSense_SMS.o)
 .debug_abbrev  0x00000dde       0xc4 .\CortexM0\ARM_GCC_493\Debug\STONE_TOUCH.a(CapSense_SampleClk.o)
 .debug_abbrev  0x00000ea2       0xc4 .\CortexM0\ARM_GCC_493\Debug\STONE_TOUCH.a(CapSense_SenseClk.o)
 .debug_abbrev  0x00000f66       0x14 .\CortexM0\ARM_GCC_493\Debug\STONE_TOUCH.a(CyBootAsmGnu.o)
 .debug_abbrev  0x00000f7a      0x20d .\CortexM0\ARM_GCC_493\Debug\STONE_TOUCH.a(CyLib.o)
 .debug_abbrev  0x00001187      0x226 .\CortexM0\ARM_GCC_493\Debug\STONE_TOUCH.a(CyLFClk.o)
 .debug_abbrev  0x000013ad      0x140 .\CortexM0\ARM_GCC_493\Debug\STONE_TOUCH.a(LED_CONTROL.o)
 .debug_abbrev  0x000014ed      0x160 C:\Program Files (x86)\Cypress\PSoC Creator\3.3\PSoC Creator\psoc\content\cycomponentlibrary\CyComponentLibrary.cylib\CapSense_CSD_P4_v2_30\PSoC4\Library\CapsenseP4Library_GCC.a(CSD_P4_SmartSense_v2_30.o)

.debug_line     0x00000000     0x212b
 *(.debug_line)
 .debug_line    0x00000000       0xda .\CortexM0\ARM_GCC_493\Debug\main.o
 .debug_line    0x000000da       0x53 .\CortexM0\ARM_GCC_493\Debug\cymetadata.o
 .debug_line    0x0000012d      0x248 .\CortexM0\ARM_GCC_493\Debug\Cm0Start.o
 .debug_line    0x00000375      0x19f .\CortexM0\ARM_GCC_493\Debug\STONE_TOUCH.a(cyfitter_cfg.o)
 .debug_line    0x00000514       0xa7 .\CortexM0\ARM_GCC_493\Debug\STONE_TOUCH.a(SW_Tx_UART_1_AsmGnu.o)
 .debug_line    0x000005bb       0xfc .\CortexM0\ARM_GCC_493\Debug\STONE_TOUCH.a(SW_Tx_UART_1.o)
 .debug_line    0x000006b7      0x4cc .\CortexM0\ARM_GCC_493\Debug\STONE_TOUCH.a(CapSense.o)
 .debug_line    0x00000b83      0x3c7 .\CortexM0\ARM_GCC_493\Debug\STONE_TOUCH.a(CapSense_CSHL.o)
 .debug_line    0x00000f4a       0xae .\CortexM0\ARM_GCC_493\Debug\STONE_TOUCH.a(CapSense_INT.o)
 .debug_line    0x00000ff8      0x1a4 .\CortexM0\ARM_GCC_493\Debug\STONE_TOUCH.a(CapSense_SMS.o)
 .debug_line    0x0000119c       0xd1 .\CortexM0\ARM_GCC_493\Debug\STONE_TOUCH.a(CapSense_SampleClk.o)
 .debug_line    0x0000126d       0xd0 .\CortexM0\ARM_GCC_493\Debug\STONE_TOUCH.a(CapSense_SenseClk.o)
 .debug_line    0x0000133d       0x69 .\CortexM0\ARM_GCC_493\Debug\STONE_TOUCH.a(CyBootAsmGnu.o)
 .debug_line    0x000013a6      0x42c .\CortexM0\ARM_GCC_493\Debug\STONE_TOUCH.a(CyLib.o)
 .debug_line    0x000017d2      0x3fe .\CortexM0\ARM_GCC_493\Debug\STONE_TOUCH.a(CyLFClk.o)
 .debug_line    0x00001bd0      0x386 .\CortexM0\ARM_GCC_493\Debug\STONE_TOUCH.a(LED_CONTROL.o)
 .debug_line    0x00001f56      0x1d5 C:\Program Files (x86)\Cypress\PSoC Creator\3.3\PSoC Creator\psoc\content\cycomponentlibrary\CyComponentLibrary.cylib\CapSense_CSD_P4_v2_30\PSoC4\Library\CapsenseP4Library_GCC.a(CSD_P4_SmartSense_v2_30.o)

.debug_frame    0x00000000     0x17d4
 *(.debug_frame)
 .debug_frame   0x00000000       0x30 .\CortexM0\ARM_GCC_493\Debug\main.o
 .debug_frame   0x00000030       0xb0 .\CortexM0\ARM_GCC_493\Debug\Cm0Start.o
 .debug_frame   0x000000e0       0xb8 .\CortexM0\ARM_GCC_493\Debug\STONE_TOUCH.a(cyfitter_cfg.o)
 .debug_frame   0x00000198       0xc8 .\CortexM0\ARM_GCC_493\Debug\STONE_TOUCH.a(SW_Tx_UART_1.o)
 .debug_frame   0x00000260      0x3ac .\CortexM0\ARM_GCC_493\Debug\STONE_TOUCH.a(CapSense.o)
 .debug_frame   0x0000060c      0x304 .\CortexM0\ARM_GCC_493\Debug\STONE_TOUCH.a(CapSense_CSHL.o)
 .debug_frame   0x00000910       0x2c .\CortexM0\ARM_GCC_493\Debug\STONE_TOUCH.a(CapSense_INT.o)
 .debug_frame   0x0000093c       0xd8 .\CortexM0\ARM_GCC_493\Debug\STONE_TOUCH.a(CapSense_SMS.o)
 .debug_frame   0x00000a14       0x60 .\CortexM0\ARM_GCC_493\Debug\STONE_TOUCH.a(CapSense_SampleClk.o)
 .debug_frame   0x00000a74       0x60 .\CortexM0\ARM_GCC_493\Debug\STONE_TOUCH.a(CapSense_SenseClk.o)
 .debug_frame   0x00000ad4      0x3b4 .\CortexM0\ARM_GCC_493\Debug\STONE_TOUCH.a(CyLib.o)
 .debug_frame   0x00000e88      0x368 .\CortexM0\ARM_GCC_493\Debug\STONE_TOUCH.a(CyLFClk.o)
 .debug_frame   0x000011f0      0x390 .\CortexM0\ARM_GCC_493\Debug\STONE_TOUCH.a(LED_CONTROL.o)
 .debug_frame   0x00001580       0xec C:\Program Files (x86)\Cypress\PSoC Creator\3.3\PSoC Creator\psoc\content\cycomponentlibrary\CyComponentLibrary.cylib\CapSense_CSD_P4_v2_30\PSoC4\Library\CapsenseP4Library_GCC.a(CSD_P4_SmartSense_v2_30.o)
 .debug_frame   0x0000166c       0x20 c:/program files (x86)/cypress/psoc creator/3.3/psoc creator/import/gnu/arm/4.9.3/bin/../lib/gcc/arm-none-eabi/4.9.3/armv6-m\libgcc.a(_udivsi3.o)
 .debug_frame   0x0000168c       0x20 c:/program files (x86)/cypress/psoc creator/3.3/psoc creator/import/gnu/arm/4.9.3/bin/../lib/gcc/arm-none-eabi/4.9.3/armv6-m\libgcc.a(_divsi3.o)
 .debug_frame   0x000016ac       0x3c c:/program files (x86)/cypress/psoc creator/3.3/psoc creator/import/gnu/arm/4.9.3/bin/../lib/gcc/arm-none-eabi/4.9.3/armv6-m\libgcc.a(muldf3.o)
 .debug_frame   0x000016e8       0x2c c:/program files (x86)/cypress/psoc creator/3.3/psoc creator/import/gnu/arm/4.9.3/bin/../lib/gcc/arm-none-eabi/4.9.3/armv6-m\libgcc.a(fixdfsi.o)
 .debug_frame   0x00001714       0x2c c:/program files (x86)/cypress/psoc creator/3.3/psoc creator/import/gnu/arm/4.9.3/bin/../lib/gcc/arm-none-eabi/4.9.3/armv6-m\libgcc.a(floatsidf.o)
 .debug_frame   0x00001740       0x20 c:/program files (x86)/cypress/psoc creator/3.3/psoc creator/import/gnu/arm/4.9.3/bin/../lib/gcc/arm-none-eabi/4.9.3/../../../../arm-none-eabi/lib/armv6-m\libg_nano.a(lib_a-errno.o)
 .debug_frame   0x00001760       0x28 c:/program files (x86)/cypress/psoc creator/3.3/psoc creator/import/gnu/arm/4.9.3/bin/../lib/gcc/arm-none-eabi/4.9.3/../../../../arm-none-eabi/lib/armv6-m\libg_nano.a(lib_a-exit.o)
 .debug_frame   0x00001788       0x2c c:/program files (x86)/cypress/psoc creator/3.3/psoc creator/import/gnu/arm/4.9.3/bin/../lib/gcc/arm-none-eabi/4.9.3/../../../../arm-none-eabi/lib/armv6-m\libg_nano.a(lib_a-init.o)
 .debug_frame   0x000017b4       0x20 c:/program files (x86)/cypress/psoc creator/3.3/psoc creator/import/gnu/arm/4.9.3/bin/../lib/gcc/arm-none-eabi/4.9.3/../../../../arm-none-eabi/lib/armv6-m\libg_nano.a(lib_a-memset.o)

.debug_str      0x00000000     0x2951
 *(.debug_str)
 .debug_str     0x00000000      0x251 .\CortexM0\ARM_GCC_493\Debug\main.o
                                0x291 (size before relaxing)
 .debug_str     0x00000251       0x5b .\CortexM0\ARM_GCC_493\Debug\cymetadata.o
                                0x1d7 (size before relaxing)
 .debug_str     0x000002ac      0x163 .\CortexM0\ARM_GCC_493\Debug\Cm0Start.o
                                0x2fe (size before relaxing)
 .debug_str     0x0000040f      0x134 .\CortexM0\ARM_GCC_493\Debug\STONE_TOUCH.a(cyfitter_cfg.o)
                                0x307 (size before relaxing)
 .debug_str     0x00000543      0x150 .\CortexM0\ARM_GCC_493\Debug\STONE_TOUCH.a(SW_Tx_UART_1.o)
                                0x308 (size before relaxing)
 .debug_str     0x00000693      0x8ad .\CortexM0\ARM_GCC_493\Debug\STONE_TOUCH.a(CapSense.o)
                                0xac2 (size before relaxing)
 .debug_str     0x00000f40      0x6d0 .\CortexM0\ARM_GCC_493\Debug\STONE_TOUCH.a(CapSense_CSHL.o)
                                0xaa0 (size before relaxing)
 .debug_str     0x00001610       0x4a .\CortexM0\ARM_GCC_493\Debug\STONE_TOUCH.a(CapSense_INT.o)
                                0x28c (size before relaxing)
 .debug_str     0x0000165a      0x23f .\CortexM0\ARM_GCC_493\Debug\STONE_TOUCH.a(CapSense_SMS.o)
                                0x7c9 (size before relaxing)
 .debug_str     0x00001899       0xac .\CortexM0\ARM_GCC_493\Debug\STONE_TOUCH.a(CapSense_SampleClk.o)
                                0x294 (size before relaxing)
 .debug_str     0x00001945       0x81 .\CortexM0\ARM_GCC_493\Debug\STONE_TOUCH.a(CapSense_SenseClk.o)
                                0x28e (size before relaxing)
 .debug_str     0x000019c6      0x3fc .\CortexM0\ARM_GCC_493\Debug\STONE_TOUCH.a(CyLib.o)
                                0x652 (size before relaxing)
 .debug_str     0x00001dc2      0x467 .\CortexM0\ARM_GCC_493\Debug\STONE_TOUCH.a(CyLFClk.o)
                                0x65c (size before relaxing)
 .debug_str     0x00002229      0x4b9 .\CortexM0\ARM_GCC_493\Debug\STONE_TOUCH.a(LED_CONTROL.o)
                                0x6aa (size before relaxing)
 .debug_str     0x000026e2      0x26f C:\Program Files (x86)\Cypress\PSoC Creator\3.3\PSoC Creator\psoc\content\cycomponentlibrary\CyComponentLibrary.cylib\CapSense_CSD_P4_v2_30\PSoC4\Library\CapsenseP4Library_GCC.a(CSD_P4_SmartSense_v2_30.o)
                                0x59f (size before relaxing)

.debug_loc      0x00000000     0x3085
 *(.debug_loc)
 .debug_loc     0x00000000       0x1f .\CortexM0\ARM_GCC_493\Debug\main.o
 .debug_loc     0x0000001f      0x14f .\CortexM0\ARM_GCC_493\Debug\Cm0Start.o
 .debug_loc     0x0000016e      0x14d .\CortexM0\ARM_GCC_493\Debug\STONE_TOUCH.a(cyfitter_cfg.o)
 .debug_loc     0x000002bb      0x12d .\CortexM0\ARM_GCC_493\Debug\STONE_TOUCH.a(SW_Tx_UART_1.o)
 .debug_loc     0x000003e8      0xac3 .\CortexM0\ARM_GCC_493\Debug\STONE_TOUCH.a(CapSense.o)
 .debug_loc     0x00000eab      0x72b .\CortexM0\ARM_GCC_493\Debug\STONE_TOUCH.a(CapSense_CSHL.o)
 .debug_loc     0x000015d6      0x185 .\CortexM0\ARM_GCC_493\Debug\STONE_TOUCH.a(CapSense_SMS.o)
 .debug_loc     0x0000175b       0x21 .\CortexM0\ARM_GCC_493\Debug\STONE_TOUCH.a(CapSense_SampleClk.o)
 .debug_loc     0x0000177c       0x21 .\CortexM0\ARM_GCC_493\Debug\STONE_TOUCH.a(CapSense_SenseClk.o)
 .debug_loc     0x0000179d      0x534 .\CortexM0\ARM_GCC_493\Debug\STONE_TOUCH.a(CyLib.o)
 .debug_loc     0x00001cd1      0x7df .\CortexM0\ARM_GCC_493\Debug\STONE_TOUCH.a(CyLFClk.o)
 .debug_loc     0x000024b0      0x547 .\CortexM0\ARM_GCC_493\Debug\STONE_TOUCH.a(LED_CONTROL.o)
 .debug_loc     0x000029f7      0x68e C:\Program Files (x86)\Cypress\PSoC Creator\3.3\PSoC Creator\psoc\content\cycomponentlibrary\CyComponentLibrary.cylib\CapSense_CSD_P4_v2_30\PSoC4\Library\CapsenseP4Library_GCC.a(CSD_P4_SmartSense_v2_30.o)

.debug_macinfo
 *(.debug_macinfo)

.debug_ranges   0x00000000      0x7c8
 *(.debug_ranges)
 .debug_ranges  0x00000000       0x10 .\CortexM0\ARM_GCC_493\Debug\main.o
 .debug_ranges  0x00000010       0x38 .\CortexM0\ARM_GCC_493\Debug\Cm0Start.o
 .debug_ranges  0x00000048       0x38 .\CortexM0\ARM_GCC_493\Debug\STONE_TOUCH.a(cyfitter_cfg.o)
 .debug_ranges  0x00000080       0x40 .\CortexM0\ARM_GCC_493\Debug\STONE_TOUCH.a(SW_Tx_UART_1.o)
 .debug_ranges  0x000000c0      0x140 .\CortexM0\ARM_GCC_493\Debug\STONE_TOUCH.a(CapSense.o)
 .debug_ranges  0x00000200      0x118 .\CortexM0\ARM_GCC_493\Debug\STONE_TOUCH.a(CapSense_CSHL.o)
 .debug_ranges  0x00000318       0x10 .\CortexM0\ARM_GCC_493\Debug\STONE_TOUCH.a(CapSense_INT.o)
 .debug_ranges  0x00000328       0x50 .\CortexM0\ARM_GCC_493\Debug\STONE_TOUCH.a(CapSense_SMS.o)
 .debug_ranges  0x00000378       0x30 .\CortexM0\ARM_GCC_493\Debug\STONE_TOUCH.a(CapSense_SampleClk.o)
 .debug_ranges  0x000003a8       0x30 .\CortexM0\ARM_GCC_493\Debug\STONE_TOUCH.a(CapSense_SenseClk.o)
 .debug_ranges  0x000003d8      0x160 .\CortexM0\ARM_GCC_493\Debug\STONE_TOUCH.a(CyLib.o)
 .debug_ranges  0x00000538      0x110 .\CortexM0\ARM_GCC_493\Debug\STONE_TOUCH.a(CyLFClk.o)
 .debug_ranges  0x00000648      0x148 .\CortexM0\ARM_GCC_493\Debug\STONE_TOUCH.a(LED_CONTROL.o)
 .debug_ranges  0x00000790       0x38 C:\Program Files (x86)\Cypress\PSoC Creator\3.3\PSoC Creator\psoc\content\cycomponentlibrary\CyComponentLibrary.cylib\CapSense_CSD_P4_v2_30\PSoC4\Library\CapsenseP4Library_GCC.a(CSD_P4_SmartSense_v2_30.o)

.comment        0x00000000       0x70
 .comment       0x00000000       0x70 .\CortexM0\ARM_GCC_493\Debug\main.o
                                 0x71 (size before relaxing)
 .comment       0x00000000       0x71 .\CortexM0\ARM_GCC_493\Debug\cymetadata.o
 .comment       0x00000000       0x71 .\CortexM0\ARM_GCC_493\Debug\Cm0Start.o
 .comment       0x00000000       0x71 .\CortexM0\ARM_GCC_493\Debug\STONE_TOUCH.a(cyfitter_cfg.o)
 .comment       0x00000000       0x71 .\CortexM0\ARM_GCC_493\Debug\STONE_TOUCH.a(SW_Tx_UART_1.o)
 .comment       0x00000000       0x71 .\CortexM0\ARM_GCC_493\Debug\STONE_TOUCH.a(CapSense.o)
 .comment       0x00000000       0x71 .\CortexM0\ARM_GCC_493\Debug\STONE_TOUCH.a(CapSense_CSHL.o)
 .comment       0x00000000       0x71 .\CortexM0\ARM_GCC_493\Debug\STONE_TOUCH.a(CapSense_INT.o)
 .comment       0x00000000       0x71 .\CortexM0\ARM_GCC_493\Debug\STONE_TOUCH.a(CapSense_SMS.o)
 .comment       0x00000000       0x71 .\CortexM0\ARM_GCC_493\Debug\STONE_TOUCH.a(CapSense_SampleClk.o)
 .comment       0x00000000       0x71 .\CortexM0\ARM_GCC_493\Debug\STONE_TOUCH.a(CapSense_SenseClk.o)
 .comment       0x00000000       0x71 .\CortexM0\ARM_GCC_493\Debug\STONE_TOUCH.a(CyLib.o)
 .comment       0x00000000       0x71 .\CortexM0\ARM_GCC_493\Debug\STONE_TOUCH.a(CyLFClk.o)
 .comment       0x00000000       0x71 .\CortexM0\ARM_GCC_493\Debug\STONE_TOUCH.a(LED_CONTROL.o)
 .comment       0x00000000       0x71 C:\Program Files (x86)\Cypress\PSoC Creator\3.3\PSoC Creator\psoc\content\cycomponentlibrary\CyComponentLibrary.cylib\CapSense_CSD_P4_v2_30\PSoC4\Library\CapsenseP4Library_GCC.a(CSD_P4_SmartSense_v2_30.o)

.debug_weaknames
 *(.debug_weaknames)

.debug_funcnames
 *(.debug_funcnames)

.debug_typenames
 *(.debug_typenames)

.debug_varnames
 *(.debug_varnames)

.note.gnu.arm.ident
 *(.note.gnu.arm.ident)

.ARM.attributes
                0x00000000       0x28
 *(.ARM.attributes)
 .ARM.attributes
                0x00000000       0x1e c:/program files (x86)/cypress/psoc creator/3.3/psoc creator/import/gnu/arm/4.9.3/bin/../lib/gcc/arm-none-eabi/4.9.3/armv6-m/crti.o
 .ARM.attributes
                0x0000001e       0x2c c:/program files (x86)/cypress/psoc creator/3.3/psoc creator/import/gnu/arm/4.9.3/bin/../lib/gcc/arm-none-eabi/4.9.3/armv6-m/crtbegin.o
 .ARM.attributes
                0x0000004a       0x1b c:/program files (x86)/cypress/psoc creator/3.3/psoc creator/import/gnu/arm/4.9.3/bin/../lib/gcc/arm-none-eabi/4.9.3/../../../../arm-none-eabi/lib/armv6-m/crt0.o
 .ARM.attributes
                0x00000065       0x31 .\CortexM0\ARM_GCC_493\Debug\main.o
 .ARM.attributes
                0x00000096       0x31 .\CortexM0\ARM_GCC_493\Debug\cymetadata.o
 .ARM.attributes
                0x000000c7       0x31 .\CortexM0\ARM_GCC_493\Debug\Cm0Start.o
 .ARM.attributes
                0x000000f8       0x31 .\CortexM0\ARM_GCC_493\Debug\STONE_TOUCH.a(cyfitter_cfg.o)
 .ARM.attributes
                0x00000129       0x21 .\CortexM0\ARM_GCC_493\Debug\STONE_TOUCH.a(SW_Tx_UART_1_AsmGnu.o)
 .ARM.attributes
                0x0000014a       0x31 .\CortexM0\ARM_GCC_493\Debug\STONE_TOUCH.a(SW_Tx_UART_1.o)
 .ARM.attributes
                0x0000017b       0x31 .\CortexM0\ARM_GCC_493\Debug\STONE_TOUCH.a(CapSense.o)
 .ARM.attributes
                0x000001ac       0x31 .\CortexM0\ARM_GCC_493\Debug\STONE_TOUCH.a(CapSense_CSHL.o)
 .ARM.attributes
                0x000001dd       0x31 .\CortexM0\ARM_GCC_493\Debug\STONE_TOUCH.a(CapSense_INT.o)
 .ARM.attributes
                0x0000020e       0x31 .\CortexM0\ARM_GCC_493\Debug\STONE_TOUCH.a(CapSense_SMS.o)
 .ARM.attributes
                0x0000023f       0x31 .\CortexM0\ARM_GCC_493\Debug\STONE_TOUCH.a(CapSense_SampleClk.o)
 .ARM.attributes
                0x00000270       0x31 .\CortexM0\ARM_GCC_493\Debug\STONE_TOUCH.a(CapSense_SenseClk.o)
 .ARM.attributes
                0x000002a1       0x21 .\CortexM0\ARM_GCC_493\Debug\STONE_TOUCH.a(CyBootAsmGnu.o)
 .ARM.attributes
                0x000002c2       0x31 .\CortexM0\ARM_GCC_493\Debug\STONE_TOUCH.a(CyLib.o)
 .ARM.attributes
                0x000002f3       0x31 .\CortexM0\ARM_GCC_493\Debug\STONE_TOUCH.a(CyLFClk.o)
 .ARM.attributes
                0x00000324       0x31 .\CortexM0\ARM_GCC_493\Debug\STONE_TOUCH.a(LED_CONTROL.o)
 .ARM.attributes
                0x00000355       0x31 C:\Program Files (x86)\Cypress\PSoC Creator\3.3\PSoC Creator\psoc\content\cycomponentlibrary\CyComponentLibrary.cylib\CapSense_CSD_P4_v2_30\PSoC4\Library\CapsenseP4Library_GCC.a(CSD_P4_SmartSense_v2_30.o)
 .ARM.attributes
                0x00000386       0x1e c:/program files (x86)/cypress/psoc creator/3.3/psoc creator/import/gnu/arm/4.9.3/bin/../lib/gcc/arm-none-eabi/4.9.3/armv6-m\libgcc.a(_udivsi3.o)
 .ARM.attributes
                0x000003a4       0x1e c:/program files (x86)/cypress/psoc creator/3.3/psoc creator/import/gnu/arm/4.9.3/bin/../lib/gcc/arm-none-eabi/4.9.3/armv6-m\libgcc.a(_divsi3.o)
 .ARM.attributes
                0x000003c2       0x1e c:/program files (x86)/cypress/psoc creator/3.3/psoc creator/import/gnu/arm/4.9.3/bin/../lib/gcc/arm-none-eabi/4.9.3/armv6-m\libgcc.a(_dvmd_tls.o)
 .ARM.attributes
                0x000003e0       0x2c c:/program files (x86)/cypress/psoc creator/3.3/psoc creator/import/gnu/arm/4.9.3/bin/../lib/gcc/arm-none-eabi/4.9.3/armv6-m\libgcc.a(muldf3.o)
 .ARM.attributes
                0x0000040c       0x2c c:/program files (x86)/cypress/psoc creator/3.3/psoc creator/import/gnu/arm/4.9.3/bin/../lib/gcc/arm-none-eabi/4.9.3/armv6-m\libgcc.a(fixdfsi.o)
 .ARM.attributes
                0x00000438       0x2c c:/program files (x86)/cypress/psoc creator/3.3/psoc creator/import/gnu/arm/4.9.3/bin/../lib/gcc/arm-none-eabi/4.9.3/armv6-m\libgcc.a(floatsidf.o)
 .ARM.attributes
                0x00000464       0x1e c:/program files (x86)/cypress/psoc creator/3.3/psoc creator/import/gnu/arm/4.9.3/bin/../lib/gcc/arm-none-eabi/4.9.3/armv6-m\libgcc.a(_clzsi2.o)
 .ARM.attributes
                0x00000482       0x2c c:/program files (x86)/cypress/psoc creator/3.3/psoc creator/import/gnu/arm/4.9.3/bin/../lib/gcc/arm-none-eabi/4.9.3/../../../../arm-none-eabi/lib/armv6-m\libg_nano.a(lib_a-errno.o)
 .ARM.attributes
                0x000004ae       0x2c c:/program files (x86)/cypress/psoc creator/3.3/psoc creator/import/gnu/arm/4.9.3/bin/../lib/gcc/arm-none-eabi/4.9.3/../../../../arm-none-eabi/lib/armv6-m\libg_nano.a(lib_a-exit.o)
 .ARM.attributes
                0x000004da       0x2c c:/program files (x86)/cypress/psoc creator/3.3/psoc creator/import/gnu/arm/4.9.3/bin/../lib/gcc/arm-none-eabi/4.9.3/../../../../arm-none-eabi/lib/armv6-m\libg_nano.a(lib_a-impure.o)
 .ARM.attributes
                0x00000506       0x2c c:/program files (x86)/cypress/psoc creator/3.3/psoc creator/import/gnu/arm/4.9.3/bin/../lib/gcc/arm-none-eabi/4.9.3/../../../../arm-none-eabi/lib/armv6-m\libg_nano.a(lib_a-init.o)
 .ARM.attributes
                0x00000532       0x2c c:/program files (x86)/cypress/psoc creator/3.3/psoc creator/import/gnu/arm/4.9.3/bin/../lib/gcc/arm-none-eabi/4.9.3/../../../../arm-none-eabi/lib/armv6-m\libg_nano.a(lib_a-memset.o)
 .ARM.attributes
                0x0000055e       0x2c c:/program files (x86)/cypress/psoc creator/3.3/psoc creator/import/gnu/arm/4.9.3/bin/../lib/gcc/arm-none-eabi/4.9.3/armv6-m/crtend.o
 .ARM.attributes
                0x0000058a       0x1e c:/program files (x86)/cypress/psoc creator/3.3/psoc creator/import/gnu/arm/4.9.3/bin/../lib/gcc/arm-none-eabi/4.9.3/armv6-m/crtn.o

/DISCARD/
 *(.note.GNU-stack)
OUTPUT(.\CortexM0\ARM_GCC_493\Debug\STONE_TOUCH.elf elf32-littlearm)
