Archive member included to satisfy reference by file (symbol)

.\CortexM0\ARM_GCC_541\Debug\KUJAKU_1.a(UART_1.o)
                              .\CortexM0\ARM_GCC_541\Debug\main.o (UART_1_Start)
.\CortexM0\ARM_GCC_541\Debug\KUJAKU_1.a(UART_1_SPI_UART.o)
                              .\CortexM0\ARM_GCC_541\Debug\main.o (UART_1_SpiUartWriteTxData)
.\CortexM0\ARM_GCC_541\Debug\KUJAKU_1.a(UART_1_UART.o)
                              .\CortexM0\ARM_GCC_541\Debug\KUJAKU_1.a(UART_1.o) (UART_1_UartInit)
.\CortexM0\ARM_GCC_541\Debug\KUJAKU_1.a(CapSense.o)
                              .\CortexM0\ARM_GCC_541\Debug\main.o (CapSense_IsBusy)
.\CortexM0\ARM_GCC_541\Debug\KUJAKU_1.a(CapSense_CSHL.o)
                              .\CortexM0\ARM_GCC_541\Debug\main.o (CapSense_InitializeAllBaselines)
.\CortexM0\ARM_GCC_541\Debug\KUJAKU_1.a(CapSense_INT.o)
                              .\CortexM0\ARM_GCC_541\Debug\KUJAKU_1.a(CapSense.o) (CapSense_ISR)
.\CortexM0\ARM_GCC_541\Debug\KUJAKU_1.a(CapSense_SMS.o)
                              .\CortexM0\ARM_GCC_541\Debug\KUJAKU_1.a(CapSense_CSHL.o) (CapSense_UpdateThresholds)
.\CortexM0\ARM_GCC_541\Debug\KUJAKU_1.a(LED_CONTROL.o)
                              .\CortexM0\ARM_GCC_541\Debug\main.o (LED_CONTROL_WriteCompare)
.\CortexM0\ARM_GCC_541\Debug\KUJAKU_1.a(CapSense_SampleClk.o)
                              .\CortexM0\ARM_GCC_541\Debug\KUJAKU_1.a(CapSense.o) (CapSense_SampleClk_Start)
.\CortexM0\ARM_GCC_541\Debug\KUJAKU_1.a(CapSense_SenseClk.o)
                              .\CortexM0\ARM_GCC_541\Debug\KUJAKU_1.a(CapSense.o) (CapSense_SenseClk_Start)
.\CortexM0\ARM_GCC_541\Debug\KUJAKU_1.a(CyLib.o)
                              .\CortexM0\ARM_GCC_541\Debug\cyfitter_cfg.o (CyIntEnable)
.\CortexM0\ARM_GCC_541\Debug\KUJAKU_1.a(CyLFClk.o)
                              .\CortexM0\ARM_GCC_541\Debug\cyfitter_cfg.o (CySysWdtIsr)
.\CortexM0\ARM_GCC_541\Debug\KUJAKU_1.a(CyBootAsmGnu.o)
                              .\CortexM0\ARM_GCC_541\Debug\KUJAKU_1.a(CapSense.o) (CyDelayCycles)
C:\Program Files (x86)\Cypress\PSoC Creator\4.3\PSoC Creator\psoc\content\CyComponentLibrary\CyComponentLibrary.cylib\CapSense_CSD_P4_v2_60\PSoC4\Library\CapsenseP4Library_GCC.a(CSD_P4_SmartSense_v2_60.o)
                              .\CortexM0\ARM_GCC_541\Debug\KUJAKU_1.a(CapSense_SMS.o) (CalibrateSensors_P4_v2_60)
c:/program files (x86)/cypress/psoc creator/4.3/psoc creator/import/gnu/arm/5.4.1/bin/../lib/gcc/arm-none-eabi/5.4.1/armv6-m\libgcc.a(_udivsi3.o)
                              .\CortexM0\ARM_GCC_541\Debug\KUJAKU_1.a(CapSense_SMS.o) (__aeabi_uidiv)
c:/program files (x86)/cypress/psoc creator/4.3/psoc creator/import/gnu/arm/5.4.1/bin/../lib/gcc/arm-none-eabi/5.4.1/armv6-m\libgcc.a(_divsi3.o)
                              .\CortexM0\ARM_GCC_541\Debug\KUJAKU_1.a(CapSense_CSHL.o) (__aeabi_idiv)
c:/program files (x86)/cypress/psoc creator/4.3/psoc creator/import/gnu/arm/5.4.1/bin/../lib/gcc/arm-none-eabi/5.4.1/armv6-m\libgcc.a(_dvmd_tls.o)
                              c:/program files (x86)/cypress/psoc creator/4.3/psoc creator/import/gnu/arm/5.4.1/bin/../lib/gcc/arm-none-eabi/5.4.1/armv6-m\libgcc.a(_udivsi3.o) (__aeabi_idiv0)
c:/program files (x86)/cypress/psoc creator/4.3/psoc creator/import/gnu/arm/5.4.1/bin/../lib/gcc/arm-none-eabi/5.4.1/armv6-m\libgcc.a(adddf3.o)
                              .\CortexM0\ARM_GCC_541\Debug\main.o (__aeabi_dadd)
c:/program files (x86)/cypress/psoc creator/4.3/psoc creator/import/gnu/arm/5.4.1/bin/../lib/gcc/arm-none-eabi/5.4.1/armv6-m\libgcc.a(divdf3.o)
                              .\CortexM0\ARM_GCC_541\Debug\main.o (__aeabi_ddiv)
c:/program files (x86)/cypress/psoc creator/4.3/psoc creator/import/gnu/arm/5.4.1/bin/../lib/gcc/arm-none-eabi/5.4.1/armv6-m\libgcc.a(muldf3.o)
                              .\CortexM0\ARM_GCC_541\Debug\main.o (__aeabi_dmul)
c:/program files (x86)/cypress/psoc creator/4.3/psoc creator/import/gnu/arm/5.4.1/bin/../lib/gcc/arm-none-eabi/5.4.1/armv6-m\libgcc.a(floatsidf.o)
                              .\CortexM0\ARM_GCC_541\Debug\main.o (__aeabi_i2d)
c:/program files (x86)/cypress/psoc creator/4.3/psoc creator/import/gnu/arm/5.4.1/bin/../lib/gcc/arm-none-eabi/5.4.1/armv6-m\libgcc.a(extendsfdf2.o)
                              .\CortexM0\ARM_GCC_541\Debug\main.o (__aeabi_f2d)
c:/program files (x86)/cypress/psoc creator/4.3/psoc creator/import/gnu/arm/5.4.1/bin/../lib/gcc/arm-none-eabi/5.4.1/armv6-m\libgcc.a(truncdfsf2.o)
                              .\CortexM0\ARM_GCC_541\Debug\main.o (__aeabi_d2f)
c:/program files (x86)/cypress/psoc creator/4.3/psoc creator/import/gnu/arm/5.4.1/bin/../lib/gcc/arm-none-eabi/5.4.1/armv6-m\libgcc.a(_clzsi2.o)
                              c:/program files (x86)/cypress/psoc creator/4.3/psoc creator/import/gnu/arm/5.4.1/bin/../lib/gcc/arm-none-eabi/5.4.1/armv6-m\libgcc.a(adddf3.o) (__clzsi2)
[...]
Memory Configuration

Name             Origin             Length             Attributes
rom              0x00000000         0x00008000         xr
ram              0x20000000         0x00001000         xrw
*default*        0x00000000         0xffffffff

Linker script and memory map

LOAD c:/program files (x86)/cypress/psoc creator/4.3/psoc creator/import/gnu/arm/5.4.1/bin/../lib/gcc/arm-none-eabi/5.4.1/armv6-m/crti.o
LOAD c:/program files (x86)/cypress/psoc creator/4.3/psoc creator/import/gnu/arm/5.4.1/bin/../lib/gcc/arm-none-eabi/5.4.1/armv6-m/crtbegin.o
LOAD c:/program files (x86)/cypress/psoc creator/4.3/psoc creator/import/gnu/arm/5.4.1/bin/../lib/gcc/arm-none-eabi/5.4.1/../../../../arm-none-eabi/lib/armv6-m/crt0.o
START GROUP
LOAD .\CortexM0\ARM_GCC_541\Debug\main.o
LOAD .\CortexM0\ARM_GCC_541\Debug\cyfitter_cfg.o
LOAD .\CortexM0\ARM_GCC_541\Debug\cymetadata.o
LOAD .\CortexM0\ARM_GCC_541\Debug\Cm0Start.o
LOAD .\CortexM0\ARM_GCC_541\Debug\KUJAKU_1.a
LOAD C:\Program Files (x86)\Cypress\PSoC Creator\4.3\PSoC Creator\psoc\content\CyComponentLibrary\CyComponentLibrary.cylib\CapSense_CSD_P4_v2_60\PSoC4\Library\CapsenseP4Library_GCC.a
END GROUP
START GROUP
LOAD c:/program files (x86)/cypress/psoc creator/4.3/psoc creator/import/gnu/arm/5.4.1/bin/../lib/gcc/arm-none-eabi/5.4.1/armv6-m\libgcc.a
LOAD c:/program files (x86)/cypress/psoc creator/4.3/psoc creator/import/gnu/arm/5.4.1/bin/../lib/gcc/arm-none-eabi/5.4.1/../../../../arm-none-eabi/lib/armv6-m\libg_nano.a
LOAD c:/program files (x86)/cypress/psoc creator/4.3/psoc creator/import/gnu/arm/5.4.1/bin/../lib/gcc/arm-none-eabi/5.4.1/../../../../arm-none-eabi/lib/armv6-m\libc_nano.a
END GROUP
START GROUP
LOAD c:/program files (x86)/cypress/psoc creator/4.3/psoc creator/import/gnu/arm/5.4.1/bin/../lib/gcc/arm-none-eabi/5.4.1/armv6-m\libgcc.a
LOAD c:/program files (x86)/cypress/psoc creator/4.3/psoc creator/import/gnu/arm/5.4.1/bin/../lib/gcc/arm-none-eabi/5.4.1/../../../../arm-none-eabi/lib/armv6-m\libc_nano.a
END GROUP
LOAD c:/program files (x86)/cypress/psoc creator/4.3/psoc creator/import/gnu/arm/5.4.1/bin/../lib/gcc/arm-none-eabi/5.4.1/armv6-m/crtend.o
LOAD c:/program files (x86)/cypress/psoc creator/4.3/psoc creator/import/gnu/arm/5.4.1/bin/../lib/gcc/arm-none-eabi/5.4.1/armv6-m/crtn.o
START GROUP
LOAD c:/program files (x86)/cypress/psoc creator/4.3/psoc creator/import/gnu/arm/5.4.1/bin/../lib/gcc/arm-none-eabi/5.4.1/armv6-m\libgcc.a
LOAD c:/program files (x86)/cypress/psoc creator/4.3/psoc creator/import/gnu/arm/5.4.1/bin/../lib/gcc/arm-none-eabi/5.4.1/../../../../arm-none-eabi/lib/armv6-m\libc.a
LOAD c:/program files (x86)/cypress/psoc creator/4.3/psoc creator/import/gnu/arm/5.4.1/bin/../lib/gcc/arm-none-eabi/5.4.1/../../../../arm-none-eabi/lib/armv6-m\libnosys.a
END GROUP
                0x00000000                CY_APPL_ORIGIN = 0x0
                0x00000080                CY_FLASH_ROW_SIZE = 0x80
                0x00000001                CY_APPL_NUM = 0x1
                0x00000001                CY_APPL_MAX = 0x1
                0x00000040                CY_METADATA_SIZE = 0x40
                0x00000000                CY_APPL_LOADABLE = 0x0
                0x00000000                CY_CHECKSUM_EXCLUDE_SIZE = ALIGN (0x0, CY_FLASH_ROW_SIZE)
                0x00000000                CY_APP_FOR_STACK_AND_COPIER = 0x0
                [!provide]                PROVIDE (__cy_heap_start, _end)
                0x00000001                PROVIDE (__cy_region_num, ((__cy_regions_end - __cy_regions) / 0x10))
                0x20001000                PROVIDE (__cy_stack, (ORIGIN (ram) + LENGTH (ram)))
                [!provide]                PROVIDE (__cy_heap_end, (__cy_stack - 0x400))

.cybootloader   0x00000000        0x0
 *(.cybootloader)
                0x00000000                appl1_start = CY_APPL_ORIGIN?CY_APPL_ORIGIN:ALIGN (CY_FLASH_ROW_SIZE)
                0x00003f80                appl2_start = (appl1_start + ALIGN ((((LENGTH (rom) - appl1_start) - (0x2 * CY_FLASH_ROW_SIZE)) / 0x2), CY_FLASH_ROW_SIZE))
                0x00000000                appl_start = (CY_APPL_NUM == 0x1)?appl1_start:appl2_start
                0x00000001                cy_project_type_bootloader = (appl_start == 0x0)?0x1:0x0
                0x00000000                cy_project_type_app_for_stack_and_copier = (CY_APP_FOR_STACK_AND_COPIER == 0x1)?0x1:0x0

.text           0x00000000     0x2eb4
 CREATE_OBJECT_SYMBOLS
                0x00000000                PROVIDE (__cy_interrupt_vector, RomVectors)
 *(.romvectors)
 .romvectors    0x00000000       0x10 .\CortexM0\ARM_GCC_541\Debug\Cm0Start.o
                0x00000000                RomVectors
                0x00000001                ASSERT ((. != __cy_interrupt_vector), No interrupt vector)
                0x00000001                ASSERT (CY_APPL_ORIGIN?(SIZEOF (.cybootloader) <= CY_APPL_ORIGIN):0x1, Wrong image location)
                0x00000010                PROVIDE (__cy_reset, Reset)
 *(.text.Reset)
 .text.Reset    0x00000010        0x8 .\CortexM0\ARM_GCC_541\Debug\Cm0Start.o
                0x00000010                Reset
                0x00000001                ASSERT ((. != __cy_reset), No reset code)
 *(.psocinit)
 .psocinit      0x00000018      0x204 .\CortexM0\ARM_GCC_541\Debug\cyfitter_cfg.o
                0x000000d8                cyfitter_cfg
                0x0000021c                . = MAX (., 0x100)
 *(.text .text.* .gnu.linkonce.t.*)
 .text          0x0000021c       0x60 c:/program files (x86)/cypress/psoc creator/4.3/psoc creator/import/gnu/arm/5.4.1/bin/../lib/gcc/arm-none-eabi/5.4.1/armv6-m/crtbegin.o
 .text.main     0x0000027c      0x100 .\CortexM0\ARM_GCC_541\Debug\main.o
                0x0000027c                main
 .text.cfg_write_bytes32
                0x0000037c       0x34 .\CortexM0\ARM_GCC_541\Debug\cyfitter_cfg.o
 .text.CYMEMZERO
                0x000003b0        0xc .\CortexM0\ARM_GCC_541\Debug\cyfitter_cfg.o
 .text.SetAnalogRoutingPumps
                0x000003bc       0x40 .\CortexM0\ARM_GCC_541\Debug\cyfitter_cfg.o
                0x000003bc                SetAnalogRoutingPumps
 .text.AnalogSetDefault
                0x000003fc        0xc .\CortexM0\ARM_GCC_541\Debug\cyfitter_cfg.o
 .text.IntDefaultHandler
                0x00000408       0x10 .\CortexM0\ARM_GCC_541\Debug\Cm0Start.o
                0x00000408                IntDefaultHandler
 .text.Start_c  0x00000418       0x48 .\CortexM0\ARM_GCC_541\Debug\Cm0Start.o
                0x00000418                Start_c
 .text.initialize_psoc
                0x00000460       0x40 .\CortexM0\ARM_GCC_541\Debug\Cm0Start.o
                0x00000460                initialize_psoc
 .text.UART_1_ScbModePostEnable
                0x000004a0        0x8 .\CortexM0\ARM_GCC_541\Debug\KUJAKU_1.a(UART_1.o)
 .text.UART_1_Init
                0x000004a8        0x8 .\CortexM0\ARM_GCC_541\Debug\KUJAKU_1.a(UART_1.o)
                0x000004a8                UART_1_Init
 .text.UART_1_Enable
                0x000004b0       0x18 .\CortexM0\ARM_GCC_541\Debug\KUJAKU_1.a(UART_1.o)
                0x000004b0                UART_1_Enable
 .text.UART_1_Start
                0x000004c8       0x20 .\CortexM0\ARM_GCC_541\Debug\KUJAKU_1.a(UART_1.o)
                0x000004c8                UART_1_Start
 .text.UART_1_SpiUartWriteTxData
                0x000004e8       0x1c .\CortexM0\ARM_GCC_541\Debug\KUJAKU_1.a(UART_1_SPI_UART.o)
                0x000004e8                UART_1_SpiUartWriteTxData
 .text.UART_1_UartInit
                0x00000504       0x9c .\CortexM0\ARM_GCC_541\Debug\KUJAKU_1.a(UART_1_UART.o)
                0x00000504                UART_1_UartInit
 .text.UART_1_UartPostEnable
                0x000005a0       0x24 .\CortexM0\ARM_GCC_541\Debug\KUJAKU_1.a(UART_1_UART.o)
                0x000005a0                UART_1_UartPostEnable
 .text.CapSense_CsdHwBlockInit
                0x000005c4       0x84 .\CortexM0\ARM_GCC_541\Debug\KUJAKU_1.a(CapSense.o)
                0x000005c4                CapSense_CsdHwBlockInit
 .text.CapSense_Enable
                0x00000648       0x3c .\CortexM0\ARM_GCC_541\Debug\KUJAKU_1.a(CapSense.o)
                0x00000648                CapSense_Enable
 .text.CapSense_IsBusy
                0x00000684       0x10 .\CortexM0\ARM_GCC_541\Debug\KUJAKU_1.a(CapSense.o)
                0x00000684                CapSense_IsBusy
 .text.CapSense_ReadSensorRaw
                0x00000694       0x10 .\CortexM0\ARM_GCC_541\Debug\KUJAKU_1.a(CapSense.o)
                0x00000694                CapSense_ReadSensorRaw
 .text.CapSense_EnableSensor
                0x000006a4       0x48 .\CortexM0\ARM_GCC_541\Debug\KUJAKU_1.a(CapSense.o)
                0x000006a4                CapSense_EnableSensor
 .text.CapSense_DisableSensor
                0x000006ec       0x70 .\CortexM0\ARM_GCC_541\Debug\KUJAKU_1.a(CapSense.o)
                0x000006ec                CapSense_DisableSensor
 .text.CapSense_ClearSensors
                0x0000075c       0x14 .\CortexM0\ARM_GCC_541\Debug\KUJAKU_1.a(CapSense.o)
                0x0000075c                CapSense_ClearSensors
 .text.CapSense_SetShieldDelay
                0x00000770       0x18 .\CortexM0\ARM_GCC_541\Debug\KUJAKU_1.a(CapSense.o)
                0x00000770                CapSense_SetShieldDelay
 .text.CapSense_GetBitValue
                0x00000788       0x18 .\CortexM0\ARM_GCC_541\Debug\KUJAKU_1.a(CapSense.o)
                0x00000788                CapSense_GetBitValue
 .text.CapSense_FindNextSensor
                0x000007a0       0x24 .\CortexM0\ARM_GCC_541\Debug\KUJAKU_1.a(CapSense.o)
                0x000007a0                CapSense_FindNextSensor
 .text.CapSense_PreScan
                0x000007c4      0x118 .\CortexM0\ARM_GCC_541\Debug\KUJAKU_1.a(CapSense.o)
                0x000007c4                CapSense_PreScan
 .text.CapSense_ScanSensor
                0x000008dc       0x1c .\CortexM0\ARM_GCC_541\Debug\KUJAKU_1.a(CapSense.o)
                0x000008dc                CapSense_ScanSensor
 .text.CapSense_ScanEnabledWidgets
                0x000008f8       0x38 .\CortexM0\ARM_GCC_541\Debug\KUJAKU_1.a(CapSense.o)
                0x000008f8                CapSense_ScanEnabledWidgets
 .text.CapSense_PostScan
                0x00000930       0x90 .\CortexM0\ARM_GCC_541\Debug\KUJAKU_1.a(CapSense.o)
                0x00000930                CapSense_PostScan
 .text.CapSense_SetBitValue
                0x000009c0       0x28 .\CortexM0\ARM_GCC_541\Debug\KUJAKU_1.a(CapSense.o)
                0x000009c0                CapSense_SetBitValue
 .text.CapSense_GetSensorRaw
                0x000009e8       0x2c .\CortexM0\ARM_GCC_541\Debug\KUJAKU_1.a(CapSense.o)
                0x000009e8                CapSense_GetSensorRaw
 .text.CapSense_SetUnscannedSensorState
                0x00000a14        0xc .\CortexM0\ARM_GCC_541\Debug\KUJAKU_1.a(CapSense.o)
                0x00000a14                CapSense_SetUnscannedSensorState
 .text.CapSense_Init
                0x00000a20       0x24 .\CortexM0\ARM_GCC_541\Debug\KUJAKU_1.a(CapSense.o)
                0x00000a20                CapSense_Init
 .text.CapSense_Start
                0x00000a44       0x38 .\CortexM0\ARM_GCC_541\Debug\KUJAKU_1.a(CapSense.o)
                0x00000a44                CapSense_Start
 .text.CapSense_NormalizeWidgets
                0x00000a7c       0x40 .\CortexM0\ARM_GCC_541\Debug\KUJAKU_1.a(CapSense.o)
                0x00000a7c                CapSense_NormalizeWidgets
 .text.CapSense_BaseInit
                0x00000abc       0x28 .\CortexM0\ARM_GCC_541\Debug\KUJAKU_1.a(CapSense_CSHL.o)
                0x00000abc                CapSense_BaseInit
 .text.CapSense_InitializeSensorBaseline
                0x00000ae4       0x18 .\CortexM0\ARM_GCC_541\Debug\KUJAKU_1.a(CapSense_CSHL.o)
                0x00000ae4                CapSense_InitializeSensorBaseline
 .text.CapSense_InitializeAllBaselines
                0x00000afc       0x14 .\CortexM0\ARM_GCC_541\Debug\KUJAKU_1.a(CapSense_CSHL.o)
                0x00000afc                CapSense_InitializeAllBaselines
 .text.CapSense_FindMaximum
                0x00000b10       0x2c .\CortexM0\ARM_GCC_541\Debug\KUJAKU_1.a(CapSense_CSHL.o)
                0x00000b10                CapSense_FindMaximum
 .text.CapSense_CalcCentroid
                0x00000b3c       0xe4 .\CortexM0\ARM_GCC_541\Debug\KUJAKU_1.a(CapSense_CSHL.o)
                0x00000b3c                CapSense_CalcCentroid
 .text.CapSense_IIR4Filter
                0x00000c20        0xc .\CortexM0\ARM_GCC_541\Debug\KUJAKU_1.a(CapSense_CSHL.o)
                0x00000c20                CapSense_IIR4Filter
 .text.CapSense_UpdateBaselineNoThreshold
                0x00000c2c      0x114 .\CortexM0\ARM_GCC_541\Debug\KUJAKU_1.a(CapSense_CSHL.o)
                0x00000c2c                CapSense_UpdateBaselineNoThreshold
 .text.CapSense_UpdateSensorBaseline
                0x00000d40       0x10 .\CortexM0\ARM_GCC_541\Debug\KUJAKU_1.a(CapSense_CSHL.o)
                0x00000d40                CapSense_UpdateSensorBaseline
 .text.CapSense_UpdateEnabledBaselines
                0x00000d50       0x24 .\CortexM0\ARM_GCC_541\Debug\KUJAKU_1.a(CapSense_CSHL.o)
                0x00000d50                CapSense_UpdateEnabledBaselines
 .text.CapSense_JitterFilter
                0x00000d74       0x14 .\CortexM0\ARM_GCC_541\Debug\KUJAKU_1.a(CapSense_CSHL.o)
                0x00000d74                CapSense_JitterFilter
 .text.CapSense_GetCentroidPos
                0x00000d88       0x74 .\CortexM0\ARM_GCC_541\Debug\KUJAKU_1.a(CapSense_CSHL.o)
                0x00000d88                CapSense_GetCentroidPos
 .text.CapSense_ISR
                0x00000dfc       0x9c .\CortexM0\ARM_GCC_541\Debug\KUJAKU_1.a(CapSense_INT.o)
                0x00000dfc                CapSense_ISR
 .text.CapSense_UpdateThresholds
                0x00000e98       0x30 .\CortexM0\ARM_GCC_541\Debug\KUJAKU_1.a(CapSense_SMS.o)
                0x00000e98                CapSense_UpdateThresholds
 .text.CapSense_SetAnalogSwitchesSrcDirect
                0x00000ec8       0x10 .\CortexM0\ARM_GCC_541\Debug\KUJAKU_1.a(CapSense_SMS.o)
                0x00000ec8                CapSense_SetAnalogSwitchesSrcDirect
 .text.CapSense_DisableBaselineIDAC
                0x00000ed8       0x1c .\CortexM0\ARM_GCC_541\Debug\KUJAKU_1.a(CapSense_SMS.o)
                0x00000ed8                CapSense_DisableBaselineIDAC
 .text.CapSense_EnableBaselineIDAC
                0x00000ef4       0x50 .\CortexM0\ARM_GCC_541\Debug\KUJAKU_1.a(CapSense_SMS.o)
                0x00000ef4                CapSense_EnableBaselineIDAC
 .text.CapSense_AutoTune
                0x00000f44       0xc8 .\CortexM0\ARM_GCC_541\Debug\KUJAKU_1.a(CapSense_SMS.o)
                0x00000f44                CapSense_AutoTune
 .text.LED_CONTROL_WriteCounter
                0x0000100c       0x10 .\CortexM0\ARM_GCC_541\Debug\KUJAKU_1.a(LED_CONTROL.o)
                0x0000100c                LED_CONTROL_WriteCounter
 .text.LED_CONTROL_WritePeriod
                0x0000101c       0x10 .\CortexM0\ARM_GCC_541\Debug\KUJAKU_1.a(LED_CONTROL.o)
                0x0000101c                LED_CONTROL_WritePeriod
 .text.LED_CONTROL_WriteCompare
                0x0000102c       0x10 .\CortexM0\ARM_GCC_541\Debug\KUJAKU_1.a(LED_CONTROL.o)
                0x0000102c                LED_CONTROL_WriteCompare
 .text.LED_CONTROL_TriggerCommand
                0x0000103c       0x1c .\CortexM0\ARM_GCC_541\Debug\KUJAKU_1.a(LED_CONTROL.o)
                0x0000103c                LED_CONTROL_TriggerCommand
 .text.LED_CONTROL_Enable
                0x00001058       0x24 .\CortexM0\ARM_GCC_541\Debug\KUJAKU_1.a(LED_CONTROL.o)
                0x00001058                LED_CONTROL_Enable
 .text.LED_CONTROL_SetInterruptMode
                0x0000107c        0xc .\CortexM0\ARM_GCC_541\Debug\KUJAKU_1.a(LED_CONTROL.o)
                0x0000107c                LED_CONTROL_SetInterruptMode
 .text.LED_CONTROL_Init
                0x00001088       0x48 .\CortexM0\ARM_GCC_541\Debug\KUJAKU_1.a(LED_CONTROL.o)
                0x00001088                LED_CONTROL_Init
 .text.LED_CONTROL_Start
                0x000010d0       0x20 .\CortexM0\ARM_GCC_541\Debug\KUJAKU_1.a(LED_CONTROL.o)
                0x000010d0                LED_CONTROL_Start
 .text.CapSense_SampleClk_Start
                0x000010f0       0x14 .\CortexM0\ARM_GCC_541\Debug\KUJAKU_1.a(CapSense_SampleClk.o)
                0x000010f0                CapSense_SampleClk_Start
 .text.CapSense_SampleClk_Stop
                0x00001104       0x10 .\CortexM0\ARM_GCC_541\Debug\KUJAKU_1.a(CapSense_SampleClk.o)
                0x00001104                CapSense_SampleClk_Stop
 .text.CapSense_SampleClk_SetFractionalDividerRegister
                0x00001114       0x14 .\CortexM0\ARM_GCC_541\Debug\KUJAKU_1.a(CapSense_SampleClk.o)
                0x00001114                CapSense_SampleClk_SetFractionalDividerRegister
 .text.CapSense_SenseClk_Start
                0x00001128       0x14 .\CortexM0\ARM_GCC_541\Debug\KUJAKU_1.a(CapSense_SenseClk.o)
                0x00001128                CapSense_SenseClk_Start
 .text.CapSense_SenseClk_Stop
                0x0000113c       0x10 .\CortexM0\ARM_GCC_541\Debug\KUJAKU_1.a(CapSense_SenseClk.o)
                0x0000113c                CapSense_SenseClk_Stop
 .text.CapSense_SenseClk_SetFractionalDividerRegister
                0x0000114c       0x14 .\CortexM0\ARM_GCC_541\Debug\KUJAKU_1.a(CapSense_SenseClk.o)
                0x0000114c                CapSense_SenseClk_SetFractionalDividerRegister
 .text.CyIntEnable
                0x00001160       0x14 .\CortexM0\ARM_GCC_541\Debug\KUJAKU_1.a(CyLib.o)
                0x00001160                CyIntEnable
 .text.CyIntDisable
                0x00001174       0x14 .\CortexM0\ARM_GCC_541\Debug\KUJAKU_1.a(CyLib.o)
                0x00001174                CyIntDisable
 .text.CyHalt   0x00001188        0x4 .\CortexM0\ARM_GCC_541\Debug\KUJAKU_1.a(CyLib.o)
                0x00001188                CyHalt
 .text.CyIntSetVector
                0x0000118c       0x24 .\CortexM0\ARM_GCC_541\Debug\KUJAKU_1.a(CyLib.o)
                0x0000118c                CyIntSetVector
 .text.CyIntSetPriority
                0x000011b0       0x4c .\CortexM0\ARM_GCC_541\Debug\KUJAKU_1.a(CyLib.o)
                0x000011b0                CyIntSetPriority
 .text.CyDelayUs
                0x000011fc       0x14 .\CortexM0\ARM_GCC_541\Debug\KUJAKU_1.a(CyLib.o)
                0x000011fc                CyDelayUs
 .text.CySysClkWriteImoFreq
                0x00001210      0x164 .\CortexM0\ARM_GCC_541\Debug\KUJAKU_1.a(CyLib.o)
                0x00001210                CySysClkWriteImoFreq
 .text.CySysWdtLocked
                0x00001374       0x14 .\CortexM0\ARM_GCC_541\Debug\KUJAKU_1.a(CyLFClk.o)
 .text.CySysWdtLock
                0x00001388       0x1c .\CortexM0\ARM_GCC_541\Debug\KUJAKU_1.a(CyLFClk.o)
                0x00001388                CySysWdtLock
 .text.CySysWdtUnlock
                0x000013a4       0x30 .\CortexM0\ARM_GCC_541\Debug\KUJAKU_1.a(CyLFClk.o)
                0x000013a4                CySysWdtUnlock
 .text.CySysWdtClearInterrupt
                0x000013d4       0x4c .\CortexM0\ARM_GCC_541\Debug\KUJAKU_1.a(CyLFClk.o)
                0x000013d4                CySysWdtClearInterrupt
 .text.CySysWdtIsr
                0x00001420       0xa4 .\CortexM0\ARM_GCC_541\Debug\KUJAKU_1.a(CyLFClk.o)
                0x00001420                CySysWdtIsr
 *fill*         0x000014c4        0x4 
 .text          0x000014c8       0x24 .\CortexM0\ARM_GCC_541\Debug\KUJAKU_1.a(CyBootAsmGnu.o)
                0x000014c8                CyDelayCycles
                0x000014dc                CyEnterCriticalSection
                0x000014e4                CyExitCriticalSection
 .text.CalibrateOneDAC_P4_v2_60
                0x000014ec       0x40 C:\Program Files (x86)\Cypress\PSoC Creator\4.3\PSoC Creator\psoc\content\CyComponentLibrary\CyComponentLibrary.cylib\CapSense_CSD_P4_v2_60\PSoC4\Library\CapsenseP4Library_GCC.a(CSD_P4_SmartSense_v2_60.o)
                0x000014ec                CalibrateOneDAC_P4_v2_60
 .text.CalibrateSensors_P4_v2_60
                0x0000152c       0x22 C:\Program Files (x86)\Cypress\PSoC Creator\4.3\PSoC Creator\psoc\content\CyComponentLibrary\CyComponentLibrary.cylib\CapSense_CSD_P4_v2_60\PSoC4\Library\CapsenseP4Library_GCC.a(CSD_P4_SmartSense_v2_60.o)
                0x0000152c                CalibrateSensors_P4_v2_60
 .text.TunePrescalers_P4_v2_60
                0x0000154e       0x42 C:\Program Files (x86)\Cypress\PSoC Creator\4.3\PSoC Creator\psoc\content\CyComponentLibrary\CyComponentLibrary.cylib\CapSense_CSD_P4_v2_60\PSoC4\Library\CapsenseP4Library_GCC.a(CSD_P4_SmartSense_v2_60.o)
                0x0000154e                TunePrescalers_P4_v2_60
 .text.TuneSensitivity_P4_v2_60
                0x00001590       0xdc C:\Program Files (x86)\Cypress\PSoC Creator\4.3\PSoC Creator\psoc\content\CyComponentLibrary\CyComponentLibrary.cylib\CapSense_CSD_P4_v2_60\PSoC4\Library\CapsenseP4Library_GCC.a(CSD_P4_SmartSense_v2_60.o)
                0x00001590                TuneSensitivity_P4_v2_60
 .text.MeasureNoiseEnvelope_P4_v2_60
                0x0000166c       0xfc C:\Program Files (x86)\Cypress\PSoC Creator\4.3\PSoC Creator\psoc\content\CyComponentLibrary\CyComponentLibrary.cylib\CapSense_CSD_P4_v2_60\PSoC4\Library\CapsenseP4Library_GCC.a(CSD_P4_SmartSense_v2_60.o)
                0x0000166c                MeasureNoiseEnvelope_P4_v2_60
 .text          0x00001768      0x114 c:/program files (x86)/cypress/psoc creator/4.3/psoc creator/import/gnu/arm/5.4.1/bin/../lib/gcc/arm-none-eabi/5.4.1/armv6-m\libgcc.a(_udivsi3.o)
                0x00001768                __aeabi_uidiv
                0x00001768                __udivsi3
                0x00001874                __aeabi_uidivmod
 .text          0x0000187c      0x1d4 c:/program files (x86)/cypress/psoc creator/4.3/psoc creator/import/gnu/arm/5.4.1/bin/../lib/gcc/arm-none-eabi/5.4.1/armv6-m\libgcc.a(_divsi3.o)
                0x0000187c                __divsi3
                0x0000187c                __aeabi_idiv
                0x00001a48                __aeabi_idivmod
 .text          0x00001a50        0x4 c:/program files (x86)/cypress/psoc creator/4.3/psoc creator/import/gnu/arm/5.4.1/bin/../lib/gcc/arm-none-eabi/5.4.1/armv6-m\libgcc.a(_dvmd_tls.o)
                0x00001a50                __aeabi_idiv0
                0x00001a50                __aeabi_ldiv0
 .text          0x00001a54      0x658 c:/program files (x86)/cypress/psoc creator/4.3/psoc creator/import/gnu/arm/5.4.1/bin/../lib/gcc/arm-none-eabi/5.4.1/armv6-m\libgcc.a(adddf3.o)
                0x00001a54                __aeabi_dadd
 .text          0x000020ac      0x62c c:/program files (x86)/cypress/psoc creator/4.3/psoc creator/import/gnu/arm/5.4.1/bin/../lib/gcc/arm-none-eabi/5.4.1/armv6-m\libgcc.a(divdf3.o)
                0x000020ac                __aeabi_ddiv
 .text          0x000026d8      0x4f4 c:/program files (x86)/cypress/psoc creator/4.3/psoc creator/import/gnu/arm/5.4.1/bin/../lib/gcc/arm-none-eabi/5.4.1/armv6-m\libgcc.a(muldf3.o)
                0x000026d8                __aeabi_dmul
 .text          0x00002bcc       0x84 c:/program files (x86)/cypress/psoc creator/4.3/psoc creator/import/gnu/arm/5.4.1/bin/../lib/gcc/arm-none-eabi/5.4.1/armv6-m\libgcc.a(floatsidf.o)
                0x00002bcc                __aeabi_i2d
 .text          0x00002c50       0xa8 c:/program files (x86)/cypress/psoc creator/4.3/psoc creator/import/gnu/arm/5.4.1/bin/../lib/gcc/arm-none-eabi/5.4.1/armv6-m\libgcc.a(extendsfdf2.o)
                0x00002c50                __aeabi_f2d
 .text          0x00002cf8      0x118 c:/program files (x86)/cypress/psoc creator/4.3/psoc creator/import/gnu/arm/5.4.1/bin/../lib/gcc/arm-none-eabi/5.4.1/armv6-m\libgcc.a(truncdfsf2.o)
                0x00002cf8                __aeabi_d2f
 .text          0x00002e10       0x3c c:/program files (x86)/cypress/psoc creator/4.3/psoc creator/import/gnu/arm/5.4.1/bin/../lib/gcc/arm-none-eabi/5.4.1/armv6-m\libgcc.a(_clzsi2.o)
                0x00002e10                __clzsi2
 .text.__errno  0x00002e4c        0xc c:/program files (x86)/cypress/psoc creator/4.3/psoc creator/import/gnu/arm/5.4.1/bin/../lib/gcc/arm-none-eabi/5.4.1/../../../../arm-none-eabi/lib/armv6-m\libg_nano.a(lib_a-errno.o)
                0x00002e4c                __errno
 .text.__libc_init_array
                0x00002e58       0x4c c:/program files (x86)/cypress/psoc creator/4.3/psoc creator/import/gnu/arm/5.4.1/bin/../lib/gcc/arm-none-eabi/5.4.1/../../../../arm-none-eabi/lib/armv6-m\libg_nano.a(lib_a-init.o)
                0x00002e58                __libc_init_array
 .text.memset   0x00002ea4       0x10 c:/program files (x86)/cypress/psoc creator/4.3/psoc creator/import/gnu/arm/5.4.1/bin/../lib/gcc/arm-none-eabi/5.4.1/../../../../arm-none-eabi/lib/armv6-m\libg_nano.a(lib_a-memset.o)
                0x00002ea4                memset
 *(.plt)
 *(.gnu.warning)
 *(.glue_7t)
 .glue_7t       0x00002eb4        0x0 linker stubs
 *(.glue_7)
 .glue_7        0x00002eb4        0x0 linker stubs
 *(.vfp11_veneer)
 .vfp11_veneer  0x00002eb4        0x0 linker stubs
 *(.bootloader)
 *(.ARM.extab* .gnu.linkonce.armextab.*)
 *(.gcc_except_table)

.v4_bx          0x00002eb4        0x0
 .v4_bx         0x00002eb4        0x0 linker stubs

.iplt           0x00002eb4        0x0
 .iplt          0x00002eb4        0x0 c:/program files (x86)/cypress/psoc creator/4.3/psoc creator/import/gnu/arm/5.4.1/bin/../lib/gcc/arm-none-eabi/5.4.1/armv6-m/crtbegin.o

.eh_frame_hdr
 *(.eh_frame_hdr)

.eh_frame       0x00002eb4        0x4
 *(.eh_frame)
 .eh_frame      0x00002eb4        0x0 c:/program files (x86)/cypress/psoc creator/4.3/psoc creator/import/gnu/arm/5.4.1/bin/../lib/gcc/arm-none-eabi/5.4.1/armv6-m/crtbegin.o
 .eh_frame      0x00002eb4        0x4 c:/program files (x86)/cypress/psoc creator/4.3/psoc creator/import/gnu/arm/5.4.1/bin/../lib/gcc/arm-none-eabi/5.4.1/armv6-m/crtend.o
                [!provide]                PROVIDE (__exidx_start, .)

.ARM.exidx
 *(.ARM.exidx* .gnu.linkonce.armexidx.*)
                0x00002eb8                __exidx_end = .

.rodata         0x00002eb8      0x248
 *(.rodata .rodata.* .gnu.linkonce.r.*)
 .rodata        0x00002eb8       0x58 .\CortexM0\ARM_GCC_541\Debug\cyfitter_cfg.o
 .rodata        0x00002f10       0x90 .\CortexM0\ARM_GCC_541\Debug\KUJAKU_1.a(CapSense.o)
                0x00002f10                CapSense_portTable
                0x00002f1c                CapSense_pinShiftTbl
                0x00002f28                CapSense_prtSelTbl
                0x00002f3c                CapSense_prtCfgTbl
                0x00002f50                CapSense_prtDRTbl
                0x00002f64                CapSense_widgetNumber
                0x00002f70                CapSense_maskTable
 .rodata        0x00002fa0        0x5 .\CortexM0\ARM_GCC_541\Debug\KUJAKU_1.a(CapSense_CSHL.o)
                0x00002fa0                CapSense_numberOfSensors
                0x00002fa4                CapSense_rawDataIndex
 *fill*         0x00002fa5        0x3 
 .rodata        0x00002fa8       0x6c .\CortexM0\ARM_GCC_541\Debug\KUJAKU_1.a(CapSense_SMS.o)
                0x00002fa8                CapSense_configPointers
                0x00003004                CapSense_prescalerTable
 .rodata        0x00003014       0x2e .\CortexM0\ARM_GCC_541\Debug\KUJAKU_1.a(CyLib.o)
                0x00003014                cyImoFreqMhz2Reg
 *fill*         0x00003042        0x2 
 .rodata        0x00003044       0x40 c:/program files (x86)/cypress/psoc creator/4.3/psoc creator/import/gnu/arm/5.4.1/bin/../lib/gcc/arm-none-eabi/5.4.1/armv6-m\libgcc.a(divdf3.o)
 .rodata        0x00003084       0x40 c:/program files (x86)/cypress/psoc creator/4.3/psoc creator/import/gnu/arm/5.4.1/bin/../lib/gcc/arm-none-eabi/5.4.1/armv6-m\libgcc.a(muldf3.o)
 .rodata.str1.1
                0x000030c4        0x2 c:/program files (x86)/cypress/psoc creator/4.3/psoc creator/import/gnu/arm/5.4.1/bin/../lib/gcc/arm-none-eabi/5.4.1/../../../../arm-none-eabi/lib/armv6-m\libg_nano.a(lib_a-impure.o)
                0x000030c8                . = ALIGN (0x4)
 *fill*         0x000030c6        0x2 
 *(.init)
 .init          0x000030c8        0x4 c:/program files (x86)/cypress/psoc creator/4.3/psoc creator/import/gnu/arm/5.4.1/bin/../lib/gcc/arm-none-eabi/5.4.1/armv6-m/crti.o
                0x000030c8                _init
 .init          0x000030cc        0x8 c:/program files (x86)/cypress/psoc creator/4.3/psoc creator/import/gnu/arm/5.4.1/bin/../lib/gcc/arm-none-eabi/5.4.1/armv6-m/crtn.o
                0x000030d4                . = ALIGN (0x4)
                0x000030d4                __preinit_array_start = .
 *(.preinit_array)
                0x000030d4                __preinit_array_end = .
                0x000030d4                . = ALIGN (0x4)
                0x000030d4                __init_array_start = .
 *(SORT(.init_array.*))
 *(.init_array)
 .init_array    0x000030d4        0x4 c:/program files (x86)/cypress/psoc creator/4.3/psoc creator/import/gnu/arm/5.4.1/bin/../lib/gcc/arm-none-eabi/5.4.1/armv6-m/crtbegin.o
 .init_array    0x000030d8        0x4 .\CortexM0\ARM_GCC_541\Debug\Cm0Start.o
                0x000030dc                __init_array_end = .
                0x000030dc                . = ALIGN (0x4)
 *(.fini)
 .fini          0x000030dc        0x4 c:/program files (x86)/cypress/psoc creator/4.3/psoc creator/import/gnu/arm/5.4.1/bin/../lib/gcc/arm-none-eabi/5.4.1/armv6-m/crti.o
                0x000030dc                _fini
 .fini          0x000030e0        0x8 c:/program files (x86)/cypress/psoc creator/4.3/psoc creator/import/gnu/arm/5.4.1/bin/../lib/gcc/arm-none-eabi/5.4.1/armv6-m/crtn.o
                0x000030e8                . = ALIGN (0x4)
                0x000030e8                __fini_array_start = .
 *(.fini_array)
 .fini_array    0x000030e8        0x4 c:/program files (x86)/cypress/psoc creator/4.3/psoc creator/import/gnu/arm/5.4.1/bin/../lib/gcc/arm-none-eabi/5.4.1/armv6-m/crtbegin.o
 *(SORT(.fini_array.*))
                0x000030ec                __fini_array_end = .
                0x000030ec                . = ALIGN (0x4)
 *crtbegin.o(.ctors)
 *(EXCLUDE_FILE(*crtend.o) .ctors)
 *(SORT(.ctors.*))
 *crtend.o(.ctors)
                0x000030ec                . = ALIGN (0x4)
 *crtbegin.o(.dtors)
 *(EXCLUDE_FILE(*crtend.o) .dtors)
 *(SORT(.dtors.*))
 *crtend.o(.dtors)
                0x000030ec                . = ALIGN (0x4)
                0x000030ec                __cy_regions = .
                0x000030ec        0x4 LONG 0x3100 __cy_region_init_ram
                0x000030f0        0x4 LONG 0x200000c0 __cy_region_start_data
                0x000030f4        0x4 LONG 0xe0 __cy_region_init_size_ram
                0x000030f8        0x4 LONG 0x1c0 __cy_region_zero_size_ram
                0x000030fc                __cy_regions_end = .
                0x00003100                . = ALIGN (0x8)
 *fill*         0x000030fc        0x4 
                0x00003100                _etext = .

.cy_checksum_exclude
                0x00003100        0x0
 *(.cy_checksum_exclude)

.ramvectors     0x20000000       0xc0
                0x20000000                __cy_region_start_ram = .
 *(.ramvectors)
 .ramvectors    0x20000000       0xc0 .\CortexM0\ARM_GCC_541\Debug\Cm0Start.o
                0x20000000                CyRamVectors

.noinit
 *(.noinit)

.data           0x200000c0       0xe0 load address 0x00003100
                0x200000c0                __cy_region_start_data = .
 *(.jcr)
 .jcr           0x200000c0        0x0 c:/program files (x86)/cypress/psoc creator/4.3/psoc creator/import/gnu/arm/5.4.1/bin/../lib/gcc/arm-none-eabi/5.4.1/armv6-m/crtbegin.o
 .jcr           0x200000c0        0x4 c:/program files (x86)/cypress/psoc creator/4.3/psoc creator/import/gnu/arm/5.4.1/bin/../lib/gcc/arm-none-eabi/5.4.1/armv6-m/crtend.o
 *(.got.plt)
 *(.got)
 *(.shdata)
 *(.data .data.* .gnu.linkonce.d.*)
 .data          0x200000c4       0x38 .\CortexM0\ARM_GCC_541\Debug\KUJAKU_1.a(CapSense.o)
                0x200000c4                CapSense_widgetResolution
                0x200000c8                CapSense_sensorEnableMask
                0x200000cc                CapSense_pcTable
 .data          0x200000fc       0x1b .\CortexM0\ARM_GCC_541\Debug\KUJAKU_1.a(CapSense_CSHL.o)
                0x200000fc                CapSense_fingerThreshold
                0x20000100                CapSense_debounce
                0x20000104                CapSense_lowBaselineReset
                0x20000110                CapSense_enableRawFilters
 *fill*         0x20000117        0x1 
 .data          0x20000118        0xc .\CortexM0\ARM_GCC_541\Debug\KUJAKU_1.a(CapSense_SMS.o)
                0x20000118                CapSense_sensorSensitivity
 .data          0x20000124       0x14 .\CortexM0\ARM_GCC_541\Debug\KUJAKU_1.a(CyLib.o)
                0x20000124                CySysClkPumpConfig
                0x20000128                cydelay32kMs
                0x2000012c                cydelayFreqKhz
                0x20000130                cydelayFreqMhz
                0x20000134                cydelayFreqHz
 .data          0x20000138        0x4 .\CortexM0\ARM_GCC_541\Debug\KUJAKU_1.a(CyLFClk.o)
 .data.impure_data
                0x2000013c       0x60 c:/program files (x86)/cypress/psoc creator/4.3/psoc creator/import/gnu/arm/5.4.1/bin/../lib/gcc/arm-none-eabi/5.4.1/../../../../arm-none-eabi/lib/armv6-m\libg_nano.a(lib_a-impure.o)
 .data._impure_ptr
                0x2000019c        0x4 c:/program files (x86)/cypress/psoc creator/4.3/psoc creator/import/gnu/arm/5.4.1/bin/../lib/gcc/arm-none-eabi/5.4.1/../../../../arm-none-eabi/lib/armv6-m\libg_nano.a(lib_a-impure.o)
                0x2000019c                _impure_ptr
                0x200001a0                . = ALIGN (0x8)
 *(.ram)
                0x200001a0                _edata = .

.igot.plt       0x200001a0        0x0 load address 0x000031e0
 .igot.plt      0x200001a0        0x0 c:/program files (x86)/cypress/psoc creator/4.3/psoc creator/import/gnu/arm/5.4.1/bin/../lib/gcc/arm-none-eabi/5.4.1/armv6-m/crtbegin.o

.bss            0x200001a0      0x1c0 load address 0x000031e0
                0x200001a0                PROVIDE (__bss_start__, .)
 *(.shbss)
 *(.bss .bss.* .gnu.linkonce.b.*)
 .bss           0x200001a0       0x1c c:/program files (x86)/cypress/psoc creator/4.3/psoc creator/import/gnu/arm/5.4.1/bin/../lib/gcc/arm-none-eabi/5.4.1/armv6-m/crtbegin.o
 .bss           0x200001bc        0x4 .\CortexM0\ARM_GCC_541\Debug\main.o
                0x200001bc                slider_pos
 .bss           0x200001c0        0x4 .\CortexM0\ARM_GCC_541\Debug\KUJAKU_1.a(UART_1.o)
                0x200001c0                UART_1_initVar
                0x200001c2                UART_1_IntrTxMask
 .bss           0x200001c4       0x20 .\CortexM0\ARM_GCC_541\Debug\KUJAKU_1.a(CapSense.o)
                0x200001c4                CapSense_csdStatusVar
                0x200001c8                CapSense_sensorRaw
                0x200001e0                CapSense_sensorIndex
                0x200001e1                CapSense_prescalersTuningDone
                0x200001e3                CapSense_lowLevelTuningDone
 .bss           0x200001e4       0x3b .\CortexM0\ARM_GCC_541\Debug\KUJAKU_1.a(CapSense_CSHL.o)
                0x200001e4                CapSense_sensorBaseline
                0x200001fc                CapSense_sensorBaselineLow
                0x20000208                CapSense_sensorSignal
                0x20000218                CapSense_sensorOnMask
 .bss           0x2000021f        0x1 .\CortexM0\ARM_GCC_541\Debug\KUJAKU_1.a(CapSense_INT.o)
 .bss           0x20000220        0x1 .\CortexM0\ARM_GCC_541\Debug\KUJAKU_1.a(LED_CONTROL.o)
                0x20000220                LED_CONTROL_initVar
 *fill*         0x20000221        0x3 
 .bss           0x20000224       0x20 .\CortexM0\ARM_GCC_541\Debug\KUJAKU_1.a(CyLFClk.o)
 *(COMMON)
 COMMON         0x20000244       0x1c .\CortexM0\ARM_GCC_541\Debug\main.o
                0x20000244                average
                0x20000248                slider_start_pos
                0x2000024c                preCnt
                0x20000250                prev_sensor
                0x20000254                current_sensor
                0x20000258                prev_sound
                0x2000025c                bright
 COMMON         0x20000260       0x48 .\CortexM0\ARM_GCC_541\Debug\KUJAKU_1.a(CapSense.o)
                0x20000260                CapSense_csdTrim1
                0x20000264                CapSense_scanSpeedTbl
                0x20000268                CapSense_sensorEnableMaskBackup
                0x2000026c                CapSense_senseClkDividerVal
                0x20000278                CapSense_modulationIDAC
                0x20000284                CapSense_compensationIDAC
                0x20000290                CapSense_unscannedSnsDriveMode
                0x2000029c                CapSense_sampleClkDividerVal
 COMMON         0x200002a8       0x2d .\CortexM0\ARM_GCC_541\Debug\KUJAKU_1.a(CapSense_CSHL.o)
                0x200002a8                CapSense_noiseThreshold
                0x200002ac                CapSense_lowBaselineResetCnt
                0x200002b8                CapSense_negativeNoiseThreshold
                0x200002bc                CapSense_rawFilterData1
                0x200002d4                CapSense_hysteresis
 *fill*         0x200002d5        0x3 
 COMMON         0x200002d8       0x84 .\CortexM0\ARM_GCC_541\Debug\KUJAKU_1.a(CapSense_SMS.o)
                0x200002d8                CapSense_runningDifferenceTbl
                0x200002e4                CapSense_signRegisterTbl
                0x200002f0                CapSense_sampleMaxTbl
                0x20000308                CapSense_noiseEnvelopeTbl
                0x20000314                CapSense_previousSampleTbl
                0x2000032c                CapSense_sampleMinTbl
                0x20000344                CapSense_config
                0x20000350                CapSense_kValueTbl
                0x20000360                . = ALIGN (0x8)
 *fill*         0x2000035c        0x4 
 *(.ram.b)
                0x20000360                _end = .
                0x20000360                __end = .
                0x20000360                PROVIDE (end, .)
                0x20000360                PROVIDE (__bss_end__, .)
                0x00003100                __cy_region_init_ram = LOADADDR (.data)
                0x000000e0                __cy_region_init_size_ram = (_edata - ADDR (.data))
                0x000001c0                __cy_region_zero_size_ram = (_end - _edata)

.heap           0x20000360       0x80 load address 0x000031e0
                0x20000360                . = _end
                0x200003e0                . = (. + 0x80)
 *fill*         0x20000360       0x80 
                0x200003e0                __cy_heap_limit = .

.stack          0x20000c00      0x400
                0x20000c00                __cy_stack_limit = .
                0x20001000                . = (. + 0x400)
 *fill*         0x20000c00      0x400 
                0x00000001                ASSERT ((__cy_stack_limit >= __cy_heap_limit), region RAM overflowed with stack)
                0x00000000                cy_checksum_exclude_size = (CY_APPL_LOADABLE == 0x1)?SIZEOF (.cy_checksum_exclude):0x0
                0x00000001                ASSERT ((cy_checksum_exclude_size <= CY_CHECKSUM_EXCLUDE_SIZE), CY_BOOT: Section .cy_checksum_exclude size exceedes specified limit.)
                0x00007fc0                cyloadermeta_start = (cy_project_type_bootloader || cy_project_type_app_for_stack_and_copier)?(LENGTH (rom) - CY_METADATA_SIZE):0xf0000000

.cyloadermeta
 *(.cyloadermeta)
                0x00007fc0                cyloadablemeta_start = cy_project_type_app_for_stack_and_copier?((LENGTH (rom) - CY_FLASH_ROW_SIZE) - CY_METADATA_SIZE):((LENGTH (rom) - (CY_FLASH_ROW_SIZE * (CY_APPL_NUM - 0x1))) - CY_METADATA_SIZE)

.cyloadablemeta
 *(.cyloadablemeta)

.cyflashprotect
                0x90400000       0x20
 *(.cyflashprotect)
 .cyflashprotect
                0x90400000       0x20 .\CortexM0\ARM_GCC_541\Debug\cymetadata.o
                0x90400000                cy_meta_flashprotect

.cymeta         0x90500000        0xc
 *(.cymeta)
 .cymeta        0x90500000        0xc .\CortexM0\ARM_GCC_541\Debug\cymetadata.o
                0x90500000                cy_metadata

.cychipprotect  0x90600000        0x1
 *(.cychipprotect)
 .cychipprotect
                0x90600000        0x1 .\CortexM0\ARM_GCC_541\Debug\cymetadata.o
                0x90600000                cy_meta_chipprotect

.rel.dyn        0x000031e0        0x0 load address 0x90600004
 .rel.iplt      0x000031e0        0x0 c:/program files (x86)/cypress/psoc creator/4.3/psoc creator/import/gnu/arm/5.4.1/bin/../lib/gcc/arm-none-eabi/5.4.1/armv6-m/crtbegin.o

.stab
 *(.stab)

.stabstr
 *(.stabstr)

.debug
 *(.debug)

.line
 *(.line)

.debug_srcinfo
 *(.debug_srcinfo)

.debug_sfnames
 *(.debug_sfnames)

.debug_aranges  0x00000000      0xa10
 *(.debug_aranges)
 .debug_aranges
                0x00000000       0x20 .\CortexM0\ARM_GCC_541\Debug\main.o
 .debug_aranges
                0x00000020       0x48 .\CortexM0\ARM_GCC_541\Debug\cyfitter_cfg.o
 .debug_aranges
                0x00000068       0x18 .\CortexM0\ARM_GCC_541\Debug\cymetadata.o
 .debug_aranges
                0x00000080       0x48 .\CortexM0\ARM_GCC_541\Debug\Cm0Start.o
 .debug_aranges
                0x000000c8       0x60 .\CortexM0\ARM_GCC_541\Debug\KUJAKU_1.a(UART_1.o)
 .debug_aranges
                0x00000128       0x60 .\CortexM0\ARM_GCC_541\Debug\KUJAKU_1.a(UART_1_SPI_UART.o)
 .debug_aranges
                0x00000188       0x68 .\CortexM0\ARM_GCC_541\Debug\KUJAKU_1.a(UART_1_UART.o)
 .debug_aranges
                0x000001f0      0x158 .\CortexM0\ARM_GCC_541\Debug\KUJAKU_1.a(CapSense.o)
 .debug_aranges
                0x00000348      0x150 .\CortexM0\ARM_GCC_541\Debug\KUJAKU_1.a(CapSense_CSHL.o)
 .debug_aranges
                0x00000498       0x20 .\CortexM0\ARM_GCC_541\Debug\KUJAKU_1.a(CapSense_INT.o)
 .debug_aranges
                0x000004b8       0x60 .\CortexM0\ARM_GCC_541\Debug\KUJAKU_1.a(CapSense_SMS.o)
 .debug_aranges
                0x00000518      0x158 .\CortexM0\ARM_GCC_541\Debug\KUJAKU_1.a(LED_CONTROL.o)
 .debug_aranges
                0x00000670       0x40 .\CortexM0\ARM_GCC_541\Debug\KUJAKU_1.a(CapSense_SampleClk.o)
 .debug_aranges
                0x000006b0       0x40 .\CortexM0\ARM_GCC_541\Debug\KUJAKU_1.a(CapSense_SenseClk.o)
 .debug_aranges
                0x000006f0      0x180 .\CortexM0\ARM_GCC_541\Debug\KUJAKU_1.a(CyLib.o)
 .debug_aranges
                0x00000870      0x138 .\CortexM0\ARM_GCC_541\Debug\KUJAKU_1.a(CyLFClk.o)
 .debug_aranges
                0x000009a8       0x20 .\CortexM0\ARM_GCC_541\Debug\KUJAKU_1.a(CyBootAsmGnu.o)
 .debug_aranges
                0x000009c8       0x48 C:\Program Files (x86)\Cypress\PSoC Creator\4.3\PSoC Creator\psoc\content\CyComponentLibrary\CyComponentLibrary.cylib\CapSense_CSD_P4_v2_60\PSoC4\Library\CapsenseP4Library_GCC.a(CSD_P4_SmartSense_v2_60.o)

.debug_pubnames
 *(.debug_pubnames)

.debug_info     0x00000000     0x67e7
 *(.debug_info .gnu.linkonce.wi.*)
 .debug_info    0x00000000      0x23a .\CortexM0\ARM_GCC_541\Debug\main.o
 .debug_info    0x0000023a      0x404 .\CortexM0\ARM_GCC_541\Debug\cyfitter_cfg.o
 .debug_info    0x0000063e       0xf8 .\CortexM0\ARM_GCC_541\Debug\cymetadata.o
 .debug_info    0x00000736      0x3a2 .\CortexM0\ARM_GCC_541\Debug\Cm0Start.o
 .debug_info    0x00000ad8      0x24c .\CortexM0\ARM_GCC_541\Debug\KUJAKU_1.a(UART_1.o)
 .debug_info    0x00000d24      0x220 .\CortexM0\ARM_GCC_541\Debug\KUJAKU_1.a(UART_1_SPI_UART.o)
 .debug_info    0x00000f44      0x310 .\CortexM0\ARM_GCC_541\Debug\KUJAKU_1.a(UART_1_UART.o)
 .debug_info    0x00001254     0x10d6 .\CortexM0\ARM_GCC_541\Debug\KUJAKU_1.a(CapSense.o)
 .debug_info    0x0000232a     0x1161 .\CortexM0\ARM_GCC_541\Debug\KUJAKU_1.a(CapSense_CSHL.o)
 .debug_info    0x0000348b      0x198 .\CortexM0\ARM_GCC_541\Debug\KUJAKU_1.a(CapSense_INT.o)
 .debug_info    0x00003623      0x7ac .\CortexM0\ARM_GCC_541\Debug\KUJAKU_1.a(CapSense_SMS.o)
 .debug_info    0x00003dcf      0x909 .\CortexM0\ARM_GCC_541\Debug\KUJAKU_1.a(LED_CONTROL.o)
 .debug_info    0x000046d8      0x14e .\CortexM0\ARM_GCC_541\Debug\KUJAKU_1.a(CapSense_SampleClk.o)
 .debug_info    0x00004826      0x14e .\CortexM0\ARM_GCC_541\Debug\KUJAKU_1.a(CapSense_SenseClk.o)
 .debug_info    0x00004974      0xaed .\CortexM0\ARM_GCC_541\Debug\KUJAKU_1.a(CyLib.o)
 .debug_info    0x00005461      0xcfe .\CortexM0\ARM_GCC_541\Debug\KUJAKU_1.a(CyLFClk.o)
 .debug_info    0x0000615f       0xa6 .\CortexM0\ARM_GCC_541\Debug\KUJAKU_1.a(CyBootAsmGnu.o)
 .debug_info    0x00006205      0x5e2 C:\Program Files (x86)\Cypress\PSoC Creator\4.3\PSoC Creator\psoc\content\CyComponentLibrary\CyComponentLibrary.cylib\CapSense_CSD_P4_v2_60\PSoC4\Library\CapsenseP4Library_GCC.a(CSD_P4_SmartSense_v2_60.o)

.debug_abbrev   0x00000000     0x1670
 *(.debug_abbrev)
 .debug_abbrev  0x00000000       0xab .\CortexM0\ARM_GCC_541\Debug\main.o
 .debug_abbrev  0x000000ab      0x1cf .\CortexM0\ARM_GCC_541\Debug\cyfitter_cfg.o
 .debug_abbrev  0x0000027a       0x5d .\CortexM0\ARM_GCC_541\Debug\cymetadata.o
 .debug_abbrev  0x000002d7      0x1d7 .\CortexM0\ARM_GCC_541\Debug\Cm0Start.o
 .debug_abbrev  0x000004ae       0xed .\CortexM0\ARM_GCC_541\Debug\KUJAKU_1.a(UART_1.o)
 .debug_abbrev  0x0000059b      0x14f .\CortexM0\ARM_GCC_541\Debug\KUJAKU_1.a(UART_1_SPI_UART.o)
 .debug_abbrev  0x000006ea      0x123 .\CortexM0\ARM_GCC_541\Debug\KUJAKU_1.a(UART_1_UART.o)
 .debug_abbrev  0x0000080d      0x195 .\CortexM0\ARM_GCC_541\Debug\KUJAKU_1.a(CapSense.o)
 .debug_abbrev  0x000009a2      0x242 .\CortexM0\ARM_GCC_541\Debug\KUJAKU_1.a(CapSense_CSHL.o)
 .debug_abbrev  0x00000be4       0xca .\CortexM0\ARM_GCC_541\Debug\KUJAKU_1.a(CapSense_INT.o)
 .debug_abbrev  0x00000cae      0x1e4 .\CortexM0\ARM_GCC_541\Debug\KUJAKU_1.a(CapSense_SMS.o)
 .debug_abbrev  0x00000e92      0x119 .\CortexM0\ARM_GCC_541\Debug\KUJAKU_1.a(LED_CONTROL.o)
 .debug_abbrev  0x00000fab       0xb7 .\CortexM0\ARM_GCC_541\Debug\KUJAKU_1.a(CapSense_SampleClk.o)
 .debug_abbrev  0x00001062       0xb7 .\CortexM0\ARM_GCC_541\Debug\KUJAKU_1.a(CapSense_SenseClk.o)
 .debug_abbrev  0x00001119      0x1d3 .\CortexM0\ARM_GCC_541\Debug\KUJAKU_1.a(CyLib.o)
 .debug_abbrev  0x000012ec      0x210 .\CortexM0\ARM_GCC_541\Debug\KUJAKU_1.a(CyLFClk.o)
 .debug_abbrev  0x000014fc       0x14 .\CortexM0\ARM_GCC_541\Debug\KUJAKU_1.a(CyBootAsmGnu.o)
 .debug_abbrev  0x00001510      0x160 C:\Program Files (x86)\Cypress\PSoC Creator\4.3\PSoC Creator\psoc\content\CyComponentLibrary\CyComponentLibrary.cylib\CapSense_CSD_P4_v2_60\PSoC4\Library\CapsenseP4Library_GCC.a(CSD_P4_SmartSense_v2_60.o)

.debug_line     0x00000000     0x2563
 *(.debug_line)
 .debug_line    0x00000000       0xd1 .\CortexM0\ARM_GCC_541\Debug\main.o
 .debug_line    0x000000d1      0x1a0 .\CortexM0\ARM_GCC_541\Debug\cyfitter_cfg.o
 .debug_line    0x00000271      0x141 .\CortexM0\ARM_GCC_541\Debug\cymetadata.o
 .debug_line    0x000003b2      0x235 .\CortexM0\ARM_GCC_541\Debug\Cm0Start.o
 .debug_line    0x000005e7      0x12b .\CortexM0\ARM_GCC_541\Debug\KUJAKU_1.a(UART_1.o)
 .debug_line    0x00000712      0x11c .\CortexM0\ARM_GCC_541\Debug\KUJAKU_1.a(UART_1_SPI_UART.o)
 .debug_line    0x0000082e      0x173 .\CortexM0\ARM_GCC_541\Debug\KUJAKU_1.a(UART_1_UART.o)
 .debug_line    0x000009a1      0x4fe .\CortexM0\ARM_GCC_541\Debug\KUJAKU_1.a(CapSense.o)
 .debug_line    0x00000e9f      0x483 .\CortexM0\ARM_GCC_541\Debug\KUJAKU_1.a(CapSense_CSHL.o)
 .debug_line    0x00001322       0xac .\CortexM0\ARM_GCC_541\Debug\KUJAKU_1.a(CapSense_INT.o)
 .debug_line    0x000013ce      0x1a4 .\CortexM0\ARM_GCC_541\Debug\KUJAKU_1.a(CapSense_SMS.o)
 .debug_line    0x00001572      0x384 .\CortexM0\ARM_GCC_541\Debug\KUJAKU_1.a(LED_CONTROL.o)
 .debug_line    0x000018f6       0xb8 .\CortexM0\ARM_GCC_541\Debug\KUJAKU_1.a(CapSense_SampleClk.o)
 .debug_line    0x000019ae       0xb7 .\CortexM0\ARM_GCC_541\Debug\KUJAKU_1.a(CapSense_SenseClk.o)
 .debug_line    0x00001a65      0x460 .\CortexM0\ARM_GCC_541\Debug\KUJAKU_1.a(CyLib.o)
 .debug_line    0x00001ec5      0x466 .\CortexM0\ARM_GCC_541\Debug\KUJAKU_1.a(CyLFClk.o)
 .debug_line    0x0000232b       0x69 .\CortexM0\ARM_GCC_541\Debug\KUJAKU_1.a(CyBootAsmGnu.o)
 .debug_line    0x00002394      0x1cf C:\Program Files (x86)\Cypress\PSoC Creator\4.3\PSoC Creator\psoc\content\CyComponentLibrary\CyComponentLibrary.cylib\CapSense_CSD_P4_v2_60\PSoC4\Library\CapsenseP4Library_GCC.a(CSD_P4_SmartSense_v2_60.o)

.debug_frame    0x00000000     0x1b6c
 *(.debug_frame)
 .debug_frame   0x00000000       0x34 .\CortexM0\ARM_GCC_541\Debug\main.o
 .debug_frame   0x00000034       0xb8 .\CortexM0\ARM_GCC_541\Debug\cyfitter_cfg.o
 .debug_frame   0x000000ec       0xbc .\CortexM0\ARM_GCC_541\Debug\Cm0Start.o
 .debug_frame   0x000001a8       0xe8 .\CortexM0\ARM_GCC_541\Debug\KUJAKU_1.a(UART_1.o)
 .debug_frame   0x00000290       0xb0 .\CortexM0\ARM_GCC_541\Debug\KUJAKU_1.a(UART_1_SPI_UART.o)
 .debug_frame   0x00000340       0xf4 .\CortexM0\ARM_GCC_541\Debug\KUJAKU_1.a(UART_1_UART.o)
 .debug_frame   0x00000434      0x3cc .\CortexM0\ARM_GCC_541\Debug\KUJAKU_1.a(CapSense.o)
 .debug_frame   0x00000800      0x388 .\CortexM0\ARM_GCC_541\Debug\KUJAKU_1.a(CapSense_CSHL.o)
 .debug_frame   0x00000b88       0x2c .\CortexM0\ARM_GCC_541\Debug\KUJAKU_1.a(CapSense_INT.o)
 .debug_frame   0x00000bb4       0xd8 .\CortexM0\ARM_GCC_541\Debug\KUJAKU_1.a(CapSense_SMS.o)
 .debug_frame   0x00000c8c      0x3a0 .\CortexM0\ARM_GCC_541\Debug\KUJAKU_1.a(LED_CONTROL.o)
 .debug_frame   0x0000102c       0x60 .\CortexM0\ARM_GCC_541\Debug\KUJAKU_1.a(CapSense_SampleClk.o)
 .debug_frame   0x0000108c       0x60 .\CortexM0\ARM_GCC_541\Debug\KUJAKU_1.a(CapSense_SenseClk.o)
 .debug_frame   0x000010ec      0x3e0 .\CortexM0\ARM_GCC_541\Debug\KUJAKU_1.a(CyLib.o)
 .debug_frame   0x000014cc      0x3a8 .\CortexM0\ARM_GCC_541\Debug\KUJAKU_1.a(CyLFClk.o)
 .debug_frame   0x00001874       0xec C:\Program Files (x86)\Cypress\PSoC Creator\4.3\PSoC Creator\psoc\content\CyComponentLibrary\CyComponentLibrary.cylib\CapSense_CSD_P4_v2_60\PSoC4\Library\CapsenseP4Library_GCC.a(CSD_P4_SmartSense_v2_60.o)
 .debug_frame   0x00001960       0x20 c:/program files (x86)/cypress/psoc creator/4.3/psoc creator/import/gnu/arm/5.4.1/bin/../lib/gcc/arm-none-eabi/5.4.1/armv6-m\libgcc.a(_udivsi3.o)
 .debug_frame   0x00001980       0x20 c:/program files (x86)/cypress/psoc creator/4.3/psoc creator/import/gnu/arm/5.4.1/bin/../lib/gcc/arm-none-eabi/5.4.1/armv6-m\libgcc.a(_divsi3.o)
 .debug_frame   0x000019a0       0x3c c:/program files (x86)/cypress/psoc creator/4.3/psoc creator/import/gnu/arm/5.4.1/bin/../lib/gcc/arm-none-eabi/5.4.1/armv6-m\libgcc.a(adddf3.o)
 .debug_frame   0x000019dc       0x3c c:/program files (x86)/cypress/psoc creator/4.3/psoc creator/import/gnu/arm/5.4.1/bin/../lib/gcc/arm-none-eabi/5.4.1/armv6-m\libgcc.a(divdf3.o)
 .debug_frame   0x00001a18       0x3c c:/program files (x86)/cypress/psoc creator/4.3/psoc creator/import/gnu/arm/5.4.1/bin/../lib/gcc/arm-none-eabi/5.4.1/armv6-m\libgcc.a(muldf3.o)
 .debug_frame   0x00001a54       0x2c c:/program files (x86)/cypress/psoc creator/4.3/psoc creator/import/gnu/arm/5.4.1/bin/../lib/gcc/arm-none-eabi/5.4.1/armv6-m\libgcc.a(floatsidf.o)
 .debug_frame   0x00001a80       0x2c c:/program files (x86)/cypress/psoc creator/4.3/psoc creator/import/gnu/arm/5.4.1/bin/../lib/gcc/arm-none-eabi/5.4.1/armv6-m\libgcc.a(extendsfdf2.o)
 .debug_frame   0x00001aac       0x2c c:/program files (x86)/cypress/psoc creator/4.3/psoc creator/import/gnu/arm/5.4.1/bin/../lib/gcc/arm-none-eabi/5.4.1/armv6-m\libgcc.a(truncdfsf2.o)
 .debug_frame   0x00001ad8       0x20 c:/program files (x86)/cypress/psoc creator/4.3/psoc creator/import/gnu/arm/5.4.1/bin/../lib/gcc/arm-none-eabi/5.4.1/../../../../arm-none-eabi/lib/armv6-m\libg_nano.a(lib_a-errno.o)
 .debug_frame   0x00001af8       0x28 c:/program files (x86)/cypress/psoc creator/4.3/psoc creator/import/gnu/arm/5.4.1/bin/../lib/gcc/arm-none-eabi/5.4.1/../../../../arm-none-eabi/lib/armv6-m\libg_nano.a(lib_a-exit.o)
 .debug_frame   0x00001b20       0x2c c:/program files (x86)/cypress/psoc creator/4.3/psoc creator/import/gnu/arm/5.4.1/bin/../lib/gcc/arm-none-eabi/5.4.1/../../../../arm-none-eabi/lib/armv6-m\libg_nano.a(lib_a-init.o)
 .debug_frame   0x00001b4c       0x20 c:/program files (x86)/cypress/psoc creator/4.3/psoc creator/import/gnu/arm/5.4.1/bin/../lib/gcc/arm-none-eabi/5.4.1/../../../../arm-none-eabi/lib/armv6-m\libg_nano.a(lib_a-memset.o)

.debug_str      0x00000000     0x2e6b
 *(.debug_str)
 .debug_str     0x00000000      0x2a1 .\CortexM0\ARM_GCC_541\Debug\main.o
                                0x2e1 (size before relaxing)
 .debug_str     0x000002a1      0x158 .\CortexM0\ARM_GCC_541\Debug\cyfitter_cfg.o
                                0x313 (size before relaxing)
 .debug_str     0x000003f9       0x63 .\CortexM0\ARM_GCC_541\Debug\cymetadata.o
                                0x1de (size before relaxing)
 .debug_str     0x0000045c      0x13a .\CortexM0\ARM_GCC_541\Debug\Cm0Start.o
                                0x317 (size before relaxing)
 .debug_str     0x00000596      0x12f .\CortexM0\ARM_GCC_541\Debug\KUJAKU_1.a(UART_1.o)
                                0x2e7 (size before relaxing)
 .debug_str     0x000006c5      0x12f .\CortexM0\ARM_GCC_541\Debug\KUJAKU_1.a(UART_1_SPI_UART.o)
                                0x2f8 (size before relaxing)
 .debug_str     0x000007f4      0x123 .\CortexM0\ARM_GCC_541\Debug\KUJAKU_1.a(UART_1_UART.o)
                                0x370 (size before relaxing)
 .debug_str     0x00000917      0x904 .\CortexM0\ARM_GCC_541\Debug\KUJAKU_1.a(CapSense.o)
                                0xb24 (size before relaxing)
 .debug_str     0x0000121b      0x7fb .\CortexM0\ARM_GCC_541\Debug\KUJAKU_1.a(CapSense_CSHL.o)
                                0xc1d (size before relaxing)
 .debug_str     0x00001a16       0x48 .\CortexM0\ARM_GCC_541\Debug\KUJAKU_1.a(CapSense_INT.o)
                                0x2a5 (size before relaxing)
 .debug_str     0x00001a5e      0x23d .\CortexM0\ARM_GCC_541\Debug\KUJAKU_1.a(CapSense_SMS.o)
                                0x7fc (size before relaxing)
 .debug_str     0x00001c9b      0x4c1 .\CortexM0\ARM_GCC_541\Debug\KUJAKU_1.a(LED_CONTROL.o)
                                0x6c3 (size before relaxing)
 .debug_str     0x0000215c       0xaa .\CortexM0\ARM_GCC_541\Debug\KUJAKU_1.a(CapSense_SampleClk.o)
                                0x2a1 (size before relaxing)
 .debug_str     0x00002206       0x7f .\CortexM0\ARM_GCC_541\Debug\KUJAKU_1.a(CapSense_SenseClk.o)
                                0x29b (size before relaxing)
 .debug_str     0x00002285      0x45d .\CortexM0\ARM_GCC_541\Debug\KUJAKU_1.a(CyLib.o)
                                0x6cc (size before relaxing)
 .debug_str     0x000026e2      0x51c .\CortexM0\ARM_GCC_541\Debug\KUJAKU_1.a(CyLFClk.o)
                                0x753 (size before relaxing)
 .debug_str     0x00002bfe      0x26d C:\Program Files (x86)\Cypress\PSoC Creator\4.3\PSoC Creator\psoc\content\CyComponentLibrary\CyComponentLibrary.cylib\CapSense_CSD_P4_v2_60\PSoC4\Library\CapsenseP4Library_GCC.a(CSD_P4_SmartSense_v2_60.o)
                                0x59d (size before relaxing)

.debug_loc      0x00000000     0x385a
 *(.debug_loc)
 .debug_loc     0x00000000      0x14d .\CortexM0\ARM_GCC_541\Debug\cyfitter_cfg.o
 .debug_loc     0x0000014d      0x14f .\CortexM0\ARM_GCC_541\Debug\Cm0Start.o
 .debug_loc     0x0000029c       0x7e .\CortexM0\ARM_GCC_541\Debug\KUJAKU_1.a(UART_1.o)
 .debug_loc     0x0000031a       0x96 .\CortexM0\ARM_GCC_541\Debug\KUJAKU_1.a(UART_1_SPI_UART.o)
 .debug_loc     0x000003b0      0x1e4 .\CortexM0\ARM_GCC_541\Debug\KUJAKU_1.a(UART_1_UART.o)
 .debug_loc     0x00000594      0xbe9 .\CortexM0\ARM_GCC_541\Debug\KUJAKU_1.a(CapSense.o)
 .debug_loc     0x0000117d      0xa0f .\CortexM0\ARM_GCC_541\Debug\KUJAKU_1.a(CapSense_CSHL.o)
 .debug_loc     0x00001b8c      0x185 .\CortexM0\ARM_GCC_541\Debug\KUJAKU_1.a(CapSense_SMS.o)
 .debug_loc     0x00001d11      0x547 .\CortexM0\ARM_GCC_541\Debug\KUJAKU_1.a(LED_CONTROL.o)
 .debug_loc     0x00002258       0x13 .\CortexM0\ARM_GCC_541\Debug\KUJAKU_1.a(CapSense_SampleClk.o)
 .debug_loc     0x0000226b       0x13 .\CortexM0\ARM_GCC_541\Debug\KUJAKU_1.a(CapSense_SenseClk.o)
 .debug_loc     0x0000227e      0x599 .\CortexM0\ARM_GCC_541\Debug\KUJAKU_1.a(CyLib.o)
 .debug_loc     0x00002817      0x9b5 .\CortexM0\ARM_GCC_541\Debug\KUJAKU_1.a(CyLFClk.o)
 .debug_loc     0x000031cc      0x68e C:\Program Files (x86)\Cypress\PSoC Creator\4.3\PSoC Creator\psoc\content\CyComponentLibrary\CyComponentLibrary.cylib\CapSense_CSD_P4_v2_60\PSoC4\Library\CapsenseP4Library_GCC.a(CSD_P4_SmartSense_v2_60.o)

.debug_macinfo
 *(.debug_macinfo)

.debug_ranges   0x00000000      0x8d8
 *(.debug_ranges)
 .debug_ranges  0x00000000       0x10 .\CortexM0\ARM_GCC_541\Debug\main.o
 .debug_ranges  0x00000010       0x38 .\CortexM0\ARM_GCC_541\Debug\cyfitter_cfg.o
 .debug_ranges  0x00000048       0x38 .\CortexM0\ARM_GCC_541\Debug\Cm0Start.o
 .debug_ranges  0x00000080       0x50 .\CortexM0\ARM_GCC_541\Debug\KUJAKU_1.a(UART_1.o)
 .debug_ranges  0x000000d0       0x50 .\CortexM0\ARM_GCC_541\Debug\KUJAKU_1.a(UART_1_SPI_UART.o)
 .debug_ranges  0x00000120       0x58 .\CortexM0\ARM_GCC_541\Debug\KUJAKU_1.a(UART_1_UART.o)
 .debug_ranges  0x00000178      0x148 .\CortexM0\ARM_GCC_541\Debug\KUJAKU_1.a(CapSense.o)
 .debug_ranges  0x000002c0      0x140 .\CortexM0\ARM_GCC_541\Debug\KUJAKU_1.a(CapSense_CSHL.o)
 .debug_ranges  0x00000400       0x10 .\CortexM0\ARM_GCC_541\Debug\KUJAKU_1.a(CapSense_INT.o)
 .debug_ranges  0x00000410       0x50 .\CortexM0\ARM_GCC_541\Debug\KUJAKU_1.a(CapSense_SMS.o)
 .debug_ranges  0x00000460      0x148 .\CortexM0\ARM_GCC_541\Debug\KUJAKU_1.a(LED_CONTROL.o)
 .debug_ranges  0x000005a8       0x30 .\CortexM0\ARM_GCC_541\Debug\KUJAKU_1.a(CapSense_SampleClk.o)
 .debug_ranges  0x000005d8       0x30 .\CortexM0\ARM_GCC_541\Debug\KUJAKU_1.a(CapSense_SenseClk.o)
 .debug_ranges  0x00000608      0x170 .\CortexM0\ARM_GCC_541\Debug\KUJAKU_1.a(CyLib.o)
 .debug_ranges  0x00000778      0x128 .\CortexM0\ARM_GCC_541\Debug\KUJAKU_1.a(CyLFClk.o)
 .debug_ranges  0x000008a0       0x38 C:\Program Files (x86)\Cypress\PSoC Creator\4.3\PSoC Creator\psoc\content\CyComponentLibrary\CyComponentLibrary.cylib\CapSense_CSD_P4_v2_60\PSoC4\Library\CapsenseP4Library_GCC.a(CSD_P4_SmartSense_v2_60.o)

.comment        0x00000000       0xde
 .comment       0x00000000       0x6e .\CortexM0\ARM_GCC_541\Debug\main.o
                                 0x6f (size before relaxing)
 .comment       0x0000006e       0x6f .\CortexM0\ARM_GCC_541\Debug\cyfitter_cfg.o
 .comment       0x0000006e       0x6f .\CortexM0\ARM_GCC_541\Debug\cymetadata.o
 .comment       0x0000006e       0x6f .\CortexM0\ARM_GCC_541\Debug\Cm0Start.o
 .comment       0x0000006e       0x6f .\CortexM0\ARM_GCC_541\Debug\KUJAKU_1.a(UART_1.o)
 .comment       0x0000006e       0x6f .\CortexM0\ARM_GCC_541\Debug\KUJAKU_1.a(UART_1_SPI_UART.o)
 .comment       0x0000006e       0x6f .\CortexM0\ARM_GCC_541\Debug\KUJAKU_1.a(UART_1_UART.o)
 .comment       0x0000006e       0x6f .\CortexM0\ARM_GCC_541\Debug\KUJAKU_1.a(CapSense.o)
 .comment       0x0000006e       0x6f .\CortexM0\ARM_GCC_541\Debug\KUJAKU_1.a(CapSense_CSHL.o)
 .comment       0x0000006e       0x6f .\CortexM0\ARM_GCC_541\Debug\KUJAKU_1.a(CapSense_INT.o)
 .comment       0x0000006e       0x6f .\CortexM0\ARM_GCC_541\Debug\KUJAKU_1.a(CapSense_SMS.o)
 .comment       0x0000006e       0x6f .\CortexM0\ARM_GCC_541\Debug\KUJAKU_1.a(LED_CONTROL.o)
 .comment       0x0000006e       0x6f .\CortexM0\ARM_GCC_541\Debug\KUJAKU_1.a(CapSense_SampleClk.o)
 .comment       0x0000006e       0x6f .\CortexM0\ARM_GCC_541\Debug\KUJAKU_1.a(CapSense_SenseClk.o)
 .comment       0x0000006e       0x6f .\CortexM0\ARM_GCC_541\Debug\KUJAKU_1.a(CyLib.o)
 .comment       0x0000006e       0x6f .\CortexM0\ARM_GCC_541\Debug\KUJAKU_1.a(CyLFClk.o)
 .comment       0x0000006e       0x70 C:\Program Files (x86)\Cypress\PSoC Creator\4.3\PSoC Creator\psoc\content\CyComponentLibrary\CyComponentLibrary.cylib\CapSense_CSD_P4_v2_60\PSoC4\Library\CapsenseP4Library_GCC.a(CSD_P4_SmartSense_v2_60.o)
                                 0x71 (size before relaxing)

.debug_weaknames
 *(.debug_weaknames)

.debug_funcnames
 *(.debug_funcnames)

.debug_typenames
 *(.debug_typenames)

.debug_varnames
 *(.debug_varnames)

.note.gnu.arm.ident
 *(.note.gnu.arm.ident)

.ARM.attributes
                0x00000000       0x28
 *(.ARM.attributes)
 .ARM.attributes
                0x00000000       0x1e c:/program files (x86)/cypress/psoc creator/4.3/psoc creator/import/gnu/arm/5.4.1/bin/../lib/gcc/arm-none-eabi/5.4.1/armv6-m/crti.o
 .ARM.attributes
                0x0000001e       0x2c c:/program files (x86)/cypress/psoc creator/4.3/psoc creator/import/gnu/arm/5.4.1/bin/../lib/gcc/arm-none-eabi/5.4.1/armv6-m/crtbegin.o
 .ARM.attributes
                0x0000004a       0x1b c:/program files (x86)/cypress/psoc creator/4.3/psoc creator/import/gnu/arm/5.4.1/bin/../lib/gcc/arm-none-eabi/5.4.1/../../../../arm-none-eabi/lib/armv6-m/crt0.o
 .ARM.attributes
                0x00000065       0x31 .\CortexM0\ARM_GCC_541\Debug\main.o
 .ARM.attributes
                0x00000096       0x31 .\CortexM0\ARM_GCC_541\Debug\cyfitter_cfg.o
 .ARM.attributes
                0x000000c7       0x31 .\CortexM0\ARM_GCC_541\Debug\cymetadata.o
 .ARM.attributes
                0x000000f8       0x31 .\CortexM0\ARM_GCC_541\Debug\Cm0Start.o
 .ARM.attributes
                0x00000129       0x31 .\CortexM0\ARM_GCC_541\Debug\KUJAKU_1.a(UART_1.o)
 .ARM.attributes
                0x0000015a       0x31 .\CortexM0\ARM_GCC_541\Debug\KUJAKU_1.a(UART_1_SPI_UART.o)
 .ARM.attributes
                0x0000018b       0x31 .\CortexM0\ARM_GCC_541\Debug\KUJAKU_1.a(UART_1_UART.o)
 .ARM.attributes
                0x000001bc       0x31 .\CortexM0\ARM_GCC_541\Debug\KUJAKU_1.a(CapSense.o)
 .ARM.attributes
                0x000001ed       0x31 .\CortexM0\ARM_GCC_541\Debug\KUJAKU_1.a(CapSense_CSHL.o)
 .ARM.attributes
                0x0000021e       0x31 .\CortexM0\ARM_GCC_541\Debug\KUJAKU_1.a(CapSense_INT.o)
 .ARM.attributes
                0x0000024f       0x31 .\CortexM0\ARM_GCC_541\Debug\KUJAKU_1.a(CapSense_SMS.o)
 .ARM.attributes
                0x00000280       0x31 .\CortexM0\ARM_GCC_541\Debug\KUJAKU_1.a(LED_CONTROL.o)
 .ARM.attributes
                0x000002b1       0x31 .\CortexM0\ARM_GCC_541\Debug\KUJAKU_1.a(CapSense_SampleClk.o)
 .ARM.attributes
                0x000002e2       0x31 .\CortexM0\ARM_GCC_541\Debug\KUJAKU_1.a(CapSense_SenseClk.o)
 .ARM.attributes
                0x00000313       0x31 .\CortexM0\ARM_GCC_541\Debug\KUJAKU_1.a(CyLib.o)
 .ARM.attributes
                0x00000344       0x31 .\CortexM0\ARM_GCC_541\Debug\KUJAKU_1.a(CyLFClk.o)
 .ARM.attributes
                0x00000375       0x21 .\CortexM0\ARM_GCC_541\Debug\KUJAKU_1.a(CyBootAsmGnu.o)
 .ARM.attributes
                0x00000396       0x31 C:\Program Files (x86)\Cypress\PSoC Creator\4.3\PSoC Creator\psoc\content\CyComponentLibrary\CyComponentLibrary.cylib\CapSense_CSD_P4_v2_60\PSoC4\Library\CapsenseP4Library_GCC.a(CSD_P4_SmartSense_v2_60.o)
 .ARM.attributes
                0x000003c7       0x1e c:/program files (x86)/cypress/psoc creator/4.3/psoc creator/import/gnu/arm/5.4.1/bin/../lib/gcc/arm-none-eabi/5.4.1/armv6-m\libgcc.a(_udivsi3.o)
 .ARM.attributes
                0x000003e5       0x1e c:/program files (x86)/cypress/psoc creator/4.3/psoc creator/import/gnu/arm/5.4.1/bin/../lib/gcc/arm-none-eabi/5.4.1/armv6-m\libgcc.a(_divsi3.o)
 .ARM.attributes
                0x00000403       0x1e c:/program files (x86)/cypress/psoc creator/4.3/psoc creator/import/gnu/arm/5.4.1/bin/../lib/gcc/arm-none-eabi/5.4.1/armv6-m\libgcc.a(_dvmd_tls.o)
 .ARM.attributes
                0x00000421       0x2c c:/program files (x86)/cypress/psoc creator/4.3/psoc creator/import/gnu/arm/5.4.1/bin/../lib/gcc/arm-none-eabi/5.4.1/armv6-m\libgcc.a(adddf3.o)
 .ARM.attributes
                0x0000044d       0x2c c:/program files (x86)/cypress/psoc creator/4.3/psoc creator/import/gnu/arm/5.4.1/bin/../lib/gcc/arm-none-eabi/5.4.1/armv6-m\libgcc.a(divdf3.o)
 .ARM.attributes
                0x00000479       0x2c c:/program files (x86)/cypress/psoc creator/4.3/psoc creator/import/gnu/arm/5.4.1/bin/../lib/gcc/arm-none-eabi/5.4.1/armv6-m\libgcc.a(muldf3.o)
 .ARM.attributes
                0x000004a5       0x2c c:/program files (x86)/cypress/psoc creator/4.3/psoc creator/import/gnu/arm/5.4.1/bin/../lib/gcc/arm-none-eabi/5.4.1/armv6-m\libgcc.a(floatsidf.o)
 .ARM.attributes
                0x000004d1       0x2c c:/program files (x86)/cypress/psoc creator/4.3/psoc creator/import/gnu/arm/5.4.1/bin/../lib/gcc/arm-none-eabi/5.4.1/armv6-m\libgcc.a(extendsfdf2.o)
 .ARM.attributes
                0x000004fd       0x2c c:/program files (x86)/cypress/psoc creator/4.3/psoc creator/import/gnu/arm/5.4.1/bin/../lib/gcc/arm-none-eabi/5.4.1/armv6-m\libgcc.a(truncdfsf2.o)
 .ARM.attributes
                0x00000529       0x1e c:/program files (x86)/cypress/psoc creator/4.3/psoc creator/import/gnu/arm/5.4.1/bin/../lib/gcc/arm-none-eabi/5.4.1/armv6-m\libgcc.a(_clzsi2.o)
 .ARM.attributes
                0x00000547       0x2c c:/program files (x86)/cypress/psoc creator/4.3/psoc creator/import/gnu/arm/5.4.1/bin/../lib/gcc/arm-none-eabi/5.4.1/../../../../arm-none-eabi/lib/armv6-m\libg_nano.a(lib_a-errno.o)
 .ARM.attributes
                0x00000573       0x2c c:/program files (x86)/cypress/psoc creator/4.3/psoc creator/import/gnu/arm/5.4.1/bin/../lib/gcc/arm-none-eabi/5.4.1/../../../../arm-none-eabi/lib/armv6-m\libg_nano.a(lib_a-exit.o)
 .ARM.attributes
                0x0000059f       0x2c c:/program files (x86)/cypress/psoc creator/4.3/psoc creator/import/gnu/arm/5.4.1/bin/../lib/gcc/arm-none-eabi/5.4.1/../../../../arm-none-eabi/lib/armv6-m\libg_nano.a(lib_a-impure.o)
 .ARM.attributes
                0x000005cb       0x2c c:/program files (x86)/cypress/psoc creator/4.3/psoc creator/import/gnu/arm/5.4.1/bin/../lib/gcc/arm-none-eabi/5.4.1/../../../../arm-none-eabi/lib/armv6-m\libg_nano.a(lib_a-init.o)
 .ARM.attributes
                0x000005f7       0x2c c:/program files (x86)/cypress/psoc creator/4.3/psoc creator/import/gnu/arm/5.4.1/bin/../lib/gcc/arm-none-eabi/5.4.1/../../../../arm-none-eabi/lib/armv6-m\libg_nano.a(lib_a-memset.o)
 .ARM.attributes
                0x00000623       0x2c c:/program files (x86)/cypress/psoc creator/4.3/psoc creator/import/gnu/arm/5.4.1/bin/../lib/gcc/arm-none-eabi/5.4.1/armv6-m/crtend.o
 .ARM.attributes
                0x0000064f       0x1e c:/program files (x86)/cypress/psoc creator/4.3/psoc creator/import/gnu/arm/5.4.1/bin/../lib/gcc/arm-none-eabi/5.4.1/armv6-m/crtn.o

/DISCARD/
 *(.note.GNU-stack)
OUTPUT(C:\Users\SHOZO\Documents\GitHub\rokko2020\PSoC\PSoC-20200823\ROKKO_KAWAU\KUJAKU_1.cydsn\CortexM0\ARM_GCC_541\Debug\KUJAKU_1.elf elf32-littlearm)
